Component: ARM Compiler 5.06 update 7 (build 960) Tool: armlink [4d3601]

==============================================================================

Section Cross References

    startup_stm32f042.o(RESET) refers to startup_stm32f042.o(STACK) for __initial_sp
    startup_stm32f042.o(RESET) refers to startup_stm32f042.o(.text) for Reset_Handler
    startup_stm32f042.o(RESET) refers to stm32f0xx_it.o(i.NMI_Handler) for NMI_Handler
    startup_stm32f042.o(RESET) refers to stm32f0xx_it.o(i.HardFault_Handler) for HardFault_Handler
    startup_stm32f042.o(RESET) refers to stm32f0xx_it.o(i.SVC_Handler) for SVC_Handler
    startup_stm32f042.o(RESET) refers to stm32f0xx_it.o(i.PendSV_Handler) for PendSV_Handler
    startup_stm32f042.o(RESET) refers to stm32f0xx_it.o(i.SysTick_Handler) for SysTick_Handler
    startup_stm32f042.o(RESET) refers to stm32f0xx_it.o(i.CEC_CAN_IRQHandler) for CEC_CAN_IRQHandler
    startup_stm32f042.o(.text) refers to startup_stm32f042.o(STACK) for __initial_sp
    startup_stm32f042.o(.text) refers to system_stm32f0xx.o(i.SystemInit) for SystemInit
    startup_stm32f042.o(.text) refers to entry.o(.ARM.Collect$$$$00000000) for __main
    main.o(i.PWM2_Config) refers to stm32f0xx_rcc.o(i.RCC_AHBPeriphClockCmd) for RCC_AHBPeriphClockCmd
    main.o(i.PWM2_Config) refers to stm32f0xx_rcc.o(i.RCC_APB1PeriphClockCmd) for RCC_APB1PeriphClockCmd
    main.o(i.PWM2_Config) refers to stm32f0xx_gpio.o(i.GPIO_Init) for GPIO_Init
    main.o(i.PWM2_Config) refers to stm32f0xx_gpio.o(i.GPIO_PinAFConfig) for GPIO_PinAFConfig
    main.o(i.PWM2_Config) refers to stm32f0xx_tim.o(i.TIM_TimeBaseInit) for TIM_TimeBaseInit
    main.o(i.PWM2_Config) refers to stm32f0xx_tim.o(i.TIM_OC2Init) for TIM_OC2Init
    main.o(i.PWM2_Config) refers to stm32f0xx_tim.o(i.TIM_SetCompare2) for TIM_SetCompare2
    main.o(i.PWM2_Config) refers to stm32f0xx_tim.o(i.TIM_Cmd) for TIM_Cmd
    main.o(i.PWM2_Config) refers to stm32f0xx_tim.o(i.TIM_CtrlPWMOutputs) for TIM_CtrlPWMOutputs
    main.o(i.main) refers to motor.o(i.led_gpio_init) for led_gpio_init
    main.o(i.main) refers to motor.o(i.motor_gpio_init) for motor_gpio_init
    main.o(i.main) refers to can.o(i.CAN_Config) for CAN_Config
    main.o(i.main) refers to main.o(i.PWM2_Config) for PWM2_Config
    main.o(i.main) refers to stm32f0xx_tim.o(i.TIM_SetCompare2) for TIM_SetCompare2
    main.o(i.main) refers to stm32f0xx_tim.o(i.TIM_CtrlPWMOutputs) for TIM_CtrlPWMOutputs
    main.o(i.main) refers to systick.o(i.delay_ms) for delay_ms
    main.o(i.main) refers to stm32f0xx_gpio.o(i.GPIO_WriteBit) for GPIO_WriteBit
    main.o(i.main) refers to stm32f0xx_can.o(i.CAN_Transmit) for CAN_Transmit
    main.o(i.main) refers to stm32f0xx_can.o(i.CAN_TransmitStatus) for CAN_TransmitStatus
    main.o(i.main) refers to motor.o(i.motor1_stop) for motor1_stop
    main.o(i.main) refers to motor.o(i.motor1_forward) for motor1_forward
    main.o(i.main) refers to motor.o(i.motor1_back) for motor1_back
    main.o(i.main) refers to motor.o(i.motor2_stop) for motor2_stop
    main.o(i.main) refers to motor.o(i.motor2_forward) for motor2_forward
    main.o(i.main) refers to motor.o(i.motor2_back) for motor2_back
    main.o(i.main) refers to main.o(i.__ARM_common_switch8) for __ARM_common_switch8
    main.o(i.main) refers to stm32f0xx_tim.o(i.TIM_Cmd) for TIM_Cmd
    main.o(i.main) refers to can.o(.bss) for TxMessage
    main.o(i.main) refers to can.o(.bss) for ReceiveBuffer
    main.o(i.main) refers to main.o(.data) for .data
    stm32f0xx_it.o(i.CEC_CAN_IRQHandler) refers to stm32f0xx_can.o(i.CAN_GetITStatus) for CAN_GetITStatus
    stm32f0xx_it.o(i.CEC_CAN_IRQHandler) refers to stm32f0xx_can.o(i.CAN_Receive) for CAN_Receive
    stm32f0xx_it.o(i.CEC_CAN_IRQHandler) refers to stm32f0xx_can.o(i.CAN_FIFORelease) for CAN_FIFORelease
    stm32f0xx_it.o(i.CEC_CAN_IRQHandler) refers to stm32f0xx_can.o(i.CAN_ClearITPendingBit) for CAN_ClearITPendingBit
    stm32f0xx_it.o(i.CEC_CAN_IRQHandler) refers to can.o(.data) for pReceiveBuffer
    stm32f0xx_it.o(i.CEC_CAN_IRQHandler) refers to can.o(.data) for Receive_Buffer_Len
    stm32f0xx_it.o(i.CEC_CAN_IRQHandler) refers to can.o(.bss) for ReceiveBuffer
    stm32f0xx_it.o(i.CEC_CAN_IRQHandler) refers to main.o(.data) for can_recv_flag
    system_stm32f0xx.o(i.SystemCoreClockUpdate) refers to uidiv.o(.text) for __aeabi_uidivmod
    system_stm32f0xx.o(i.SystemCoreClockUpdate) refers to system_stm32f0xx.o(.data) for .data
    system_stm32f0xx.o(i.SystemInit) refers to system_stm32f0xx.o(i.SetSysClock) for SetSysClock
    stm32f0xx_adc.o(i.ADC_DeInit) refers to stm32f0xx_rcc.o(i.RCC_APB2PeriphResetCmd) for RCC_APB2PeriphResetCmd
    stm32f0xx_can.o(i.CAN_DeInit) refers to stm32f0xx_rcc.o(i.RCC_APB1PeriphResetCmd) for RCC_APB1PeriphResetCmd
    stm32f0xx_can.o(i.CAN_FilterInit) refers to uread4.o(.text) for __aeabi_uread4
    stm32f0xx_can.o(i.CAN_GetITStatus) refers to stm32f0xx_can.o(i.CheckITStatus) for CheckITStatus
    stm32f0xx_cec.o(i.CEC_DeInit) refers to stm32f0xx_rcc.o(i.RCC_APB1PeriphResetCmd) for RCC_APB1PeriphResetCmd
    stm32f0xx_crs.o(i.CRS_DeInit) refers to stm32f0xx_rcc.o(i.RCC_APB1PeriphResetCmd) for RCC_APB1PeriphResetCmd
    stm32f0xx_dac.o(i.DAC_DeInit) refers to stm32f0xx_rcc.o(i.RCC_APB1PeriphResetCmd) for RCC_APB1PeriphResetCmd
    stm32f0xx_flash.o(i.FLASH_EraseAllPages) refers to stm32f0xx_flash.o(i.FLASH_WaitForLastOperation) for FLASH_WaitForLastOperation
    stm32f0xx_flash.o(i.FLASH_ErasePage) refers to stm32f0xx_flash.o(i.FLASH_WaitForLastOperation) for FLASH_WaitForLastOperation
    stm32f0xx_flash.o(i.FLASH_OB_BOOT0Config) refers to stm32f0xx_flash.o(i.FLASH_WaitForLastOperation) for FLASH_WaitForLastOperation
    stm32f0xx_flash.o(i.FLASH_OB_BOOT0SWConfig) refers to stm32f0xx_flash.o(i.FLASH_WaitForLastOperation) for FLASH_WaitForLastOperation
    stm32f0xx_flash.o(i.FLASH_OB_BOOTConfig) refers to stm32f0xx_flash.o(i.FLASH_WaitForLastOperation) for FLASH_WaitForLastOperation
    stm32f0xx_flash.o(i.FLASH_OB_EnableWRP) refers to stm32f0xx_flash.o(i.FLASH_WaitForLastOperation) for FLASH_WaitForLastOperation
    stm32f0xx_flash.o(i.FLASH_OB_Erase) refers to stm32f0xx_flash.o(i.FLASH_OB_GetRDP) for FLASH_OB_GetRDP
    stm32f0xx_flash.o(i.FLASH_OB_Erase) refers to stm32f0xx_flash.o(i.FLASH_WaitForLastOperation) for FLASH_WaitForLastOperation
    stm32f0xx_flash.o(i.FLASH_OB_ProgramData) refers to stm32f0xx_flash.o(i.FLASH_WaitForLastOperation) for FLASH_WaitForLastOperation
    stm32f0xx_flash.o(i.FLASH_OB_RDPConfig) refers to stm32f0xx_flash.o(i.FLASH_WaitForLastOperation) for FLASH_WaitForLastOperation
    stm32f0xx_flash.o(i.FLASH_OB_SRAMParityConfig) refers to stm32f0xx_flash.o(i.FLASH_WaitForLastOperation) for FLASH_WaitForLastOperation
    stm32f0xx_flash.o(i.FLASH_OB_UserConfig) refers to stm32f0xx_flash.o(i.FLASH_WaitForLastOperation) for FLASH_WaitForLastOperation
    stm32f0xx_flash.o(i.FLASH_OB_VDDAConfig) refers to stm32f0xx_flash.o(i.FLASH_WaitForLastOperation) for FLASH_WaitForLastOperation
    stm32f0xx_flash.o(i.FLASH_OB_WriteUser) refers to stm32f0xx_flash.o(i.FLASH_WaitForLastOperation) for FLASH_WaitForLastOperation
    stm32f0xx_flash.o(i.FLASH_ProgramHalfWord) refers to stm32f0xx_flash.o(i.FLASH_WaitForLastOperation) for FLASH_WaitForLastOperation
    stm32f0xx_flash.o(i.FLASH_ProgramWord) refers to stm32f0xx_flash.o(i.FLASH_WaitForLastOperation) for FLASH_WaitForLastOperation
    stm32f0xx_flash.o(i.FLASH_WaitForLastOperation) refers to stm32f0xx_flash.o(i.FLASH_GetStatus) for FLASH_GetStatus
    stm32f0xx_gpio.o(i.GPIO_DeInit) refers to stm32f0xx_rcc.o(i.RCC_AHBPeriphResetCmd) for RCC_AHBPeriphResetCmd
    stm32f0xx_i2c.o(i.I2C_DeInit) refers to stm32f0xx_rcc.o(i.RCC_APB1PeriphResetCmd) for RCC_APB1PeriphResetCmd
    stm32f0xx_pwr.o(i.PWR_DeInit) refers to stm32f0xx_rcc.o(i.RCC_APB1PeriphResetCmd) for RCC_APB1PeriphResetCmd
    stm32f0xx_rcc.o(i.RCC_GetClocksFreq) refers to uidiv.o(.text) for __aeabi_uidivmod
    stm32f0xx_rcc.o(i.RCC_GetClocksFreq) refers to stm32f0xx_rcc.o(.data) for .data
    stm32f0xx_rcc.o(i.RCC_WaitForHSEStartUp) refers to stm32f0xx_rcc.o(i.RCC_GetFlagStatus) for RCC_GetFlagStatus
    stm32f0xx_rtc.o(i.RTC_DeInit) refers to stm32f0xx_rtc.o(i.RTC_EnterInitMode) for RTC_EnterInitMode
    stm32f0xx_rtc.o(i.RTC_DeInit) refers to stm32f0xx_rtc.o(i.RTC_WaitForSynchro) for RTC_WaitForSynchro
    stm32f0xx_rtc.o(i.RTC_GetAlarm) refers to stm32f0xx_rtc.o(i.RTC_Bcd2ToByte) for RTC_Bcd2ToByte
    stm32f0xx_rtc.o(i.RTC_GetDate) refers to stm32f0xx_rtc.o(i.RTC_Bcd2ToByte) for RTC_Bcd2ToByte
    stm32f0xx_rtc.o(i.RTC_GetTime) refers to stm32f0xx_rtc.o(i.RTC_Bcd2ToByte) for RTC_Bcd2ToByte
    stm32f0xx_rtc.o(i.RTC_GetTimeStamp) refers to stm32f0xx_rtc.o(i.RTC_Bcd2ToByte) for RTC_Bcd2ToByte
    stm32f0xx_rtc.o(i.RTC_Init) refers to stm32f0xx_rtc.o(i.RTC_EnterInitMode) for RTC_EnterInitMode
    stm32f0xx_rtc.o(i.RTC_Init) refers to stm32f0xx_rtc.o(i.RTC_ExitInitMode) for RTC_ExitInitMode
    stm32f0xx_rtc.o(i.RTC_RefClockCmd) refers to stm32f0xx_rtc.o(i.RTC_EnterInitMode) for RTC_EnterInitMode
    stm32f0xx_rtc.o(i.RTC_RefClockCmd) refers to stm32f0xx_rtc.o(i.RTC_ExitInitMode) for RTC_ExitInitMode
    stm32f0xx_rtc.o(i.RTC_SetAlarm) refers to stm32f0xx_rtc.o(i.RTC_Bcd2ToByte) for RTC_Bcd2ToByte
    stm32f0xx_rtc.o(i.RTC_SetAlarm) refers to stm32f0xx_rtc.o(i.RTC_ByteToBcd2) for RTC_ByteToBcd2
    stm32f0xx_rtc.o(i.RTC_SetDate) refers to stm32f0xx_rtc.o(i.RTC_Bcd2ToByte) for RTC_Bcd2ToByte
    stm32f0xx_rtc.o(i.RTC_SetDate) refers to stm32f0xx_rtc.o(i.RTC_ByteToBcd2) for RTC_ByteToBcd2
    stm32f0xx_rtc.o(i.RTC_SetDate) refers to stm32f0xx_rtc.o(i.RTC_EnterInitMode) for RTC_EnterInitMode
    stm32f0xx_rtc.o(i.RTC_SetDate) refers to stm32f0xx_rtc.o(i.RTC_ExitInitMode) for RTC_ExitInitMode
    stm32f0xx_rtc.o(i.RTC_SetDate) refers to stm32f0xx_rtc.o(i.RTC_WaitForSynchro) for RTC_WaitForSynchro
    stm32f0xx_rtc.o(i.RTC_SetTime) refers to stm32f0xx_rtc.o(i.RTC_Bcd2ToByte) for RTC_Bcd2ToByte
    stm32f0xx_rtc.o(i.RTC_SetTime) refers to stm32f0xx_rtc.o(i.RTC_ByteToBcd2) for RTC_ByteToBcd2
    stm32f0xx_rtc.o(i.RTC_SetTime) refers to stm32f0xx_rtc.o(i.RTC_EnterInitMode) for RTC_EnterInitMode
    stm32f0xx_rtc.o(i.RTC_SetTime) refers to stm32f0xx_rtc.o(i.RTC_ExitInitMode) for RTC_ExitInitMode
    stm32f0xx_rtc.o(i.RTC_SetTime) refers to stm32f0xx_rtc.o(i.RTC_WaitForSynchro) for RTC_WaitForSynchro
    stm32f0xx_rtc.o(i.RTC_SynchroShiftConfig) refers to stm32f0xx_rtc.o(i.RTC_WaitForSynchro) for RTC_WaitForSynchro
    stm32f0xx_spi.o(i.I2S_Init) refers to stm32f0xx_rcc.o(i.RCC_GetClocksFreq) for RCC_GetClocksFreq
    stm32f0xx_spi.o(i.I2S_Init) refers to uidiv.o(.text) for __aeabi_uidivmod
    stm32f0xx_spi.o(i.SPI_I2S_DeInit) refers to stm32f0xx_rcc.o(i.RCC_APB2PeriphResetCmd) for RCC_APB2PeriphResetCmd
    stm32f0xx_spi.o(i.SPI_I2S_DeInit) refers to stm32f0xx_rcc.o(i.RCC_APB1PeriphResetCmd) for RCC_APB1PeriphResetCmd
    stm32f0xx_tim.o(i.TIM_DeInit) refers to stm32f0xx_rcc.o(i.RCC_APB1PeriphResetCmd) for RCC_APB1PeriphResetCmd
    stm32f0xx_tim.o(i.TIM_DeInit) refers to stm32f0xx_rcc.o(i.RCC_APB2PeriphResetCmd) for RCC_APB2PeriphResetCmd
    stm32f0xx_tim.o(i.TIM_ETRClockMode1Config) refers to stm32f0xx_tim.o(i.TIM_ETRConfig) for TIM_ETRConfig
    stm32f0xx_tim.o(i.TIM_ETRClockMode2Config) refers to stm32f0xx_tim.o(i.TIM_ETRConfig) for TIM_ETRConfig
    stm32f0xx_tim.o(i.TIM_ICInit) refers to stm32f0xx_tim.o(i.TIM_SetIC4Prescaler) for TIM_SetIC4Prescaler
    stm32f0xx_tim.o(i.TIM_ICInit) refers to stm32f0xx_tim.o(i.TI1_Config) for TI1_Config
    stm32f0xx_tim.o(i.TIM_ICInit) refers to stm32f0xx_tim.o(i.TIM_SetIC1Prescaler) for TIM_SetIC1Prescaler
    stm32f0xx_tim.o(i.TIM_ICInit) refers to stm32f0xx_tim.o(i.TI2_Config) for TI2_Config
    stm32f0xx_tim.o(i.TIM_ICInit) refers to stm32f0xx_tim.o(i.TIM_SetIC2Prescaler) for TIM_SetIC2Prescaler
    stm32f0xx_tim.o(i.TIM_ICInit) refers to stm32f0xx_tim.o(i.TIM_SetIC3Prescaler) for TIM_SetIC3Prescaler
    stm32f0xx_tim.o(i.TIM_ITRxExternalClockConfig) refers to stm32f0xx_tim.o(i.TIM_SelectInputTrigger) for TIM_SelectInputTrigger
    stm32f0xx_tim.o(i.TIM_PWMIConfig) refers to stm32f0xx_tim.o(i.TI2_Config) for TI2_Config
    stm32f0xx_tim.o(i.TIM_PWMIConfig) refers to stm32f0xx_tim.o(i.TIM_SetIC2Prescaler) for TIM_SetIC2Prescaler
    stm32f0xx_tim.o(i.TIM_PWMIConfig) refers to stm32f0xx_tim.o(i.TI1_Config) for TI1_Config
    stm32f0xx_tim.o(i.TIM_PWMIConfig) refers to stm32f0xx_tim.o(i.TIM_SetIC1Prescaler) for TIM_SetIC1Prescaler
    stm32f0xx_tim.o(i.TIM_TIxExternalClockConfig) refers to stm32f0xx_tim.o(i.TI1_Config) for TI1_Config
    stm32f0xx_tim.o(i.TIM_TIxExternalClockConfig) refers to stm32f0xx_tim.o(i.TIM_SelectInputTrigger) for TIM_SelectInputTrigger
    stm32f0xx_tim.o(i.TIM_TIxExternalClockConfig) refers to stm32f0xx_tim.o(i.TI2_Config) for TI2_Config
    stm32f0xx_usart.o(i.USART_DeInit) refers to stm32f0xx_rcc.o(i.RCC_APB2PeriphResetCmd) for RCC_APB2PeriphResetCmd
    stm32f0xx_usart.o(i.USART_DeInit) refers to stm32f0xx_rcc.o(i.RCC_APB1PeriphResetCmd) for RCC_APB1PeriphResetCmd
    stm32f0xx_usart.o(i.USART_Init) refers to stm32f0xx_rcc.o(i.RCC_GetClocksFreq) for RCC_GetClocksFreq
    stm32f0xx_usart.o(i.USART_Init) refers to uidiv.o(.text) for __aeabi_uidivmod
    stm32f0xx_wwdg.o(i.WWDG_DeInit) refers to stm32f0xx_rcc.o(i.RCC_APB1PeriphResetCmd) for RCC_APB1PeriphResetCmd
    systick.o(i.delay_ms) refers to uidiv.o(.text) for __aeabi_uidivmod
    systick.o(i.delay_ms) refers to system_stm32f0xx.o(.data) for SystemCoreClock
    systick.o(i.delay_us) refers to uidiv.o(.text) for __aeabi_uidivmod
    systick.o(i.delay_us) refers to system_stm32f0xx.o(.data) for SystemCoreClock
    can.o(i.CAN_Config) refers to stm32f0xx_rcc.o(i.RCC_AHBPeriphClockCmd) for RCC_AHBPeriphClockCmd
    can.o(i.CAN_Config) refers to stm32f0xx_rcc.o(i.RCC_APB2PeriphClockCmd) for RCC_APB2PeriphClockCmd
    can.o(i.CAN_Config) refers to stm32f0xx_gpio.o(i.GPIO_PinAFConfig) for GPIO_PinAFConfig
    can.o(i.CAN_Config) refers to stm32f0xx_gpio.o(i.GPIO_Init) for GPIO_Init
    can.o(i.CAN_Config) refers to stm32f0xx_misc.o(i.NVIC_Init) for NVIC_Init
    can.o(i.CAN_Config) refers to stm32f0xx_rcc.o(i.RCC_APB1PeriphClockCmd) for RCC_APB1PeriphClockCmd
    can.o(i.CAN_Config) refers to stm32f0xx_can.o(i.CAN_DeInit) for CAN_DeInit
    can.o(i.CAN_Config) refers to stm32f0xx_can.o(i.CAN_StructInit) for CAN_StructInit
    can.o(i.CAN_Config) refers to stm32f0xx_can.o(i.CAN_Init) for CAN_Init
    can.o(i.CAN_Config) refers to stm32f0xx_can.o(i.CAN_FilterInit) for CAN_FilterInit
    can.o(i.CAN_Config) refers to stm32f0xx_can.o(i.CAN_ITConfig) for CAN_ITConfig
    can.o(i.CAN_Config) refers to can.o(.bss) for .bss
    can.o(.data) refers to can.o(.bss) for ReceiveBuffer
    motor.o(i.led_gpio_init) refers to stm32f0xx_rcc.o(i.RCC_AHBPeriphClockCmd) for RCC_AHBPeriphClockCmd
    motor.o(i.led_gpio_init) refers to stm32f0xx_gpio.o(i.GPIO_Init) for GPIO_Init
    motor.o(i.led_gpio_init) refers to stm32f0xx_gpio.o(i.GPIO_WriteBit) for GPIO_WriteBit
    motor.o(i.motor1_back) refers to stm32f0xx_gpio.o(i.GPIO_WriteBit) for GPIO_WriteBit
    motor.o(i.motor1_forward) refers to stm32f0xx_gpio.o(i.GPIO_WriteBit) for GPIO_WriteBit
    motor.o(i.motor1_stop) refers to stm32f0xx_gpio.o(i.GPIO_WriteBit) for GPIO_WriteBit
    motor.o(i.motor2_back) refers to stm32f0xx_gpio.o(i.GPIO_WriteBit) for GPIO_WriteBit
    motor.o(i.motor2_forward) refers to stm32f0xx_gpio.o(i.GPIO_WriteBit) for GPIO_WriteBit
    motor.o(i.motor2_stop) refers to stm32f0xx_gpio.o(i.GPIO_WriteBit) for GPIO_WriteBit
    motor.o(i.motor_gpio_init) refers to stm32f0xx_rcc.o(i.RCC_AHBPeriphClockCmd) for RCC_AHBPeriphClockCmd
    motor.o(i.motor_gpio_init) refers to stm32f0xx_gpio.o(i.GPIO_Init) for GPIO_Init
    motor.o(i.motor_gpio_init) refers to stm32f0xx_gpio.o(i.GPIO_WriteBit) for GPIO_WriteBit
    entry.o(.ARM.Collect$$$$00000000) refers (Special) to entry10a.o(.ARM.Collect$$$$0000000F) for __rt_final_cpp
    entry.o(.ARM.Collect$$$$00000000) refers (Special) to entry11a.o(.ARM.Collect$$$$00000011) for __rt_final_exit
    entry.o(.ARM.Collect$$$$00000000) refers (Special) to entry12b.o(.ARM.Collect$$$$0000000E) for __rt_lib_shutdown_fini
    entry.o(.ARM.Collect$$$$00000000) refers (Special) to entry7b.o(.ARM.Collect$$$$00000008) for _main_clock
    entry.o(.ARM.Collect$$$$00000000) refers (Special) to entry8b.o(.ARM.Collect$$$$0000000A) for _main_cpp_init
    entry.o(.ARM.Collect$$$$00000000) refers (Special) to entry9a.o(.ARM.Collect$$$$0000000B) for _main_init
    entry.o(.ARM.Collect$$$$00000000) refers (Special) to entry5.o(.ARM.Collect$$$$00000004) for _main_scatterload
    entry.o(.ARM.Collect$$$$00000000) refers (Special) to entry2.o(.ARM.Collect$$$$00000001) for _main_stk
    entry2.o(.ARM.Collect$$$$00000001) refers to entry2.o(.ARM.Collect$$$$00002712) for __lit__00000000
    entry2.o(.ARM.Collect$$$$00002712) refers to startup_stm32f042.o(STACK) for __initial_sp
    entry2.o(__vectab_stack_and_reset_area) refers to startup_stm32f042.o(STACK) for __initial_sp
    entry2.o(__vectab_stack_and_reset_area) refers to entry.o(.ARM.Collect$$$$00000000) for __main
    entry5.o(.ARM.Collect$$$$00000004) refers to init.o(.text) for __scatterload
    entry9a.o(.ARM.Collect$$$$0000000B) refers to main.o(i.main) for main
    entry9b.o(.ARM.Collect$$$$0000000C) refers to main.o(i.main) for main
    init.o(.text) refers to entry5.o(.ARM.Collect$$$$00000004) for __main_after_scatterload


==============================================================================

Removing Unused input sections from the image.

    Removing startup_stm32f042.o(HEAP), (512 bytes).
    Removing main.o(.rev16_text), (4 bytes).
    Removing main.o(.revsh_text), (4 bytes).
    Removing main.o(.data), (8 bytes).
    Removing stm32f0xx_it.o(.rev16_text), (4 bytes).
    Removing stm32f0xx_it.o(.revsh_text), (4 bytes).
    Removing system_stm32f0xx.o(.rev16_text), (4 bytes).
    Removing system_stm32f0xx.o(.revsh_text), (4 bytes).
    Removing system_stm32f0xx.o(i.SystemCoreClockUpdate), (108 bytes).
    Removing stm32f0xx_adc.o(.rev16_text), (4 bytes).
    Removing stm32f0xx_adc.o(.revsh_text), (4 bytes).
    Removing stm32f0xx_adc.o(i.ADC_AnalogWatchdogCmd), (20 bytes).
    Removing stm32f0xx_adc.o(i.ADC_AnalogWatchdogSingleChannelCmd), (20 bytes).
    Removing stm32f0xx_adc.o(i.ADC_AnalogWatchdogSingleChannelConfig), (14 bytes).
    Removing stm32f0xx_adc.o(i.ADC_AnalogWatchdogThresholdsConfig), (8 bytes).
    Removing stm32f0xx_adc.o(i.ADC_AutoPowerOffCmd), (20 bytes).
    Removing stm32f0xx_adc.o(i.ADC_ChannelConfig), (10 bytes).
    Removing stm32f0xx_adc.o(i.ADC_ClearFlag), (4 bytes).
    Removing stm32f0xx_adc.o(i.ADC_ClearITPendingBit), (4 bytes).
    Removing stm32f0xx_adc.o(i.ADC_ClockModeConfig), (4 bytes).
    Removing stm32f0xx_adc.o(i.ADC_Cmd), (18 bytes).
    Removing stm32f0xx_adc.o(i.ADC_ContinuousModeCmd), (20 bytes).
    Removing stm32f0xx_adc.o(i.ADC_DMACmd), (20 bytes).
    Removing stm32f0xx_adc.o(i.ADC_DMARequestModeConfig), (16 bytes).
    Removing stm32f0xx_adc.o(i.ADC_DeInit), (32 bytes).
    Removing stm32f0xx_adc.o(i.ADC_DiscModeCmd), (20 bytes).
    Removing stm32f0xx_adc.o(i.ADC_GetCalibrationFactor), (46 bytes).
    Removing stm32f0xx_adc.o(i.ADC_GetConversionValue), (6 bytes).
    Removing stm32f0xx_adc.o(i.ADC_GetFlagStatus), (28 bytes).
    Removing stm32f0xx_adc.o(i.ADC_GetITStatus), (22 bytes).
    Removing stm32f0xx_adc.o(i.ADC_ITConfig), (16 bytes).
    Removing stm32f0xx_adc.o(i.ADC_Init), (44 bytes).
    Removing stm32f0xx_adc.o(i.ADC_JitterCmd), (16 bytes).
    Removing stm32f0xx_adc.o(i.ADC_OverrunModeCmd), (20 bytes).
    Removing stm32f0xx_adc.o(i.ADC_StartOfConversion), (10 bytes).
    Removing stm32f0xx_adc.o(i.ADC_StopOfConversion), (10 bytes).
    Removing stm32f0xx_adc.o(i.ADC_StructInit), (16 bytes).
    Removing stm32f0xx_adc.o(i.ADC_TempSensorCmd), (28 bytes).
    Removing stm32f0xx_adc.o(i.ADC_VbatCmd), (28 bytes).
    Removing stm32f0xx_adc.o(i.ADC_VrefintCmd), (28 bytes).
    Removing stm32f0xx_adc.o(i.ADC_WaitModeCmd), (20 bytes).
    Removing stm32f0xx_can.o(.rev16_text), (4 bytes).
    Removing stm32f0xx_can.o(.revsh_text), (4 bytes).
    Removing stm32f0xx_can.o(i.CAN_CancelTransmit), (38 bytes).
    Removing stm32f0xx_can.o(i.CAN_ClearFlag), (48 bytes).
    Removing stm32f0xx_can.o(i.CAN_DBGFreeze), (20 bytes).
    Removing stm32f0xx_can.o(i.CAN_GetFlagStatus), (52 bytes).
    Removing stm32f0xx_can.o(i.CAN_GetLSBTransmitErrorCounter), (8 bytes).
    Removing stm32f0xx_can.o(i.CAN_GetLastErrorCode), (10 bytes).
    Removing stm32f0xx_can.o(i.CAN_GetReceiveErrorCounter), (6 bytes).
    Removing stm32f0xx_can.o(i.CAN_MessagePending), (24 bytes).
    Removing stm32f0xx_can.o(i.CAN_OperatingModeRequest), (144 bytes).
    Removing stm32f0xx_can.o(i.CAN_SlaveStartBank), (44 bytes).
    Removing stm32f0xx_can.o(i.CAN_Sleep), (30 bytes).
    Removing stm32f0xx_can.o(i.CAN_TTComModeCmd), (64 bytes).
    Removing stm32f0xx_can.o(i.CAN_WakeUp), (44 bytes).
    Removing stm32f0xx_cec.o(.rev16_text), (4 bytes).
    Removing stm32f0xx_cec.o(.revsh_text), (4 bytes).
    Removing stm32f0xx_cec.o(i.CEC_ClearFlag), (12 bytes).
    Removing stm32f0xx_cec.o(i.CEC_ClearITPendingBit), (12 bytes).
    Removing stm32f0xx_cec.o(i.CEC_Cmd), (28 bytes).
    Removing stm32f0xx_cec.o(i.CEC_DeInit), (22 bytes).
    Removing stm32f0xx_cec.o(i.CEC_EndOfMessage), (16 bytes).
    Removing stm32f0xx_cec.o(i.CEC_GetFlagStatus), (20 bytes).
    Removing stm32f0xx_cec.o(i.CEC_GetITStatus), (28 bytes).
    Removing stm32f0xx_cec.o(i.CEC_ITConfig), (28 bytes).
    Removing stm32f0xx_cec.o(i.CEC_Init), (48 bytes).
    Removing stm32f0xx_cec.o(i.CEC_ListenModeCmd), (28 bytes).
    Removing stm32f0xx_cec.o(i.CEC_OwnAddressClear), (12 bytes).
    Removing stm32f0xx_cec.o(i.CEC_OwnAddressConfig), (20 bytes).
    Removing stm32f0xx_cec.o(i.CEC_ReceiveData), (12 bytes).
    Removing stm32f0xx_cec.o(i.CEC_SendData), (12 bytes).
    Removing stm32f0xx_cec.o(i.CEC_StartOfMessage), (16 bytes).
    Removing stm32f0xx_cec.o(i.CEC_StructInit), (18 bytes).
    Removing stm32f0xx_comp.o(.rev16_text), (4 bytes).
    Removing stm32f0xx_comp.o(.revsh_text), (4 bytes).
    Removing stm32f0xx_comp.o(i.COMP_Cmd), (28 bytes).
    Removing stm32f0xx_comp.o(i.COMP_DeInit), (12 bytes).
    Removing stm32f0xx_comp.o(i.COMP_GetOutputLevel), (32 bytes).
    Removing stm32f0xx_comp.o(i.COMP_Init), (44 bytes).
    Removing stm32f0xx_comp.o(i.COMP_LockConfig), (20 bytes).
    Removing stm32f0xx_comp.o(i.COMP_StructInit), (16 bytes).
    Removing stm32f0xx_comp.o(i.COMP_SwitchCmd), (24 bytes).
    Removing stm32f0xx_comp.o(i.COMP_WindowCmd), (24 bytes).
    Removing stm32f0xx_crc.o(.rev16_text), (4 bytes).
    Removing stm32f0xx_crc.o(.revsh_text), (4 bytes).
    Removing stm32f0xx_crc.o(i.CRC_CalcBlockCRC), (28 bytes).
    Removing stm32f0xx_crc.o(i.CRC_CalcCRC), (12 bytes).
    Removing stm32f0xx_crc.o(i.CRC_CalcCRC16bits), (12 bytes).
    Removing stm32f0xx_crc.o(i.CRC_CalcCRC8bits), (12 bytes).
    Removing stm32f0xx_crc.o(i.CRC_DeInit), (32 bytes).
    Removing stm32f0xx_crc.o(i.CRC_GetCRC), (12 bytes).
    Removing stm32f0xx_crc.o(i.CRC_GetIDRegister), (12 bytes).
    Removing stm32f0xx_crc.o(i.CRC_PolynomialSizeSelect), (20 bytes).
    Removing stm32f0xx_crc.o(i.CRC_ResetDR), (16 bytes).
    Removing stm32f0xx_crc.o(i.CRC_ReverseInputDataSelect), (20 bytes).
    Removing stm32f0xx_crc.o(i.CRC_ReverseOutputDataCmd), (24 bytes).
    Removing stm32f0xx_crc.o(i.CRC_SetIDRegister), (12 bytes).
    Removing stm32f0xx_crc.o(i.CRC_SetInitRegister), (12 bytes).
    Removing stm32f0xx_crc.o(i.CRC_SetPolynomial), (12 bytes).
    Removing stm32f0xx_crs.o(.rev16_text), (4 bytes).
    Removing stm32f0xx_crs.o(.revsh_text), (4 bytes).
    Removing stm32f0xx_crs.o(i.CRS_AdjustHSI48CalibrationValue), (28 bytes).
    Removing stm32f0xx_crs.o(i.CRS_AutomaticCalibrationCmd), (24 bytes).
    Removing stm32f0xx_crs.o(i.CRS_ClearFlag), (32 bytes).
    Removing stm32f0xx_crs.o(i.CRS_ClearITPendingBit), (32 bytes).
    Removing stm32f0xx_crs.o(i.CRS_DeInit), (22 bytes).
    Removing stm32f0xx_crs.o(i.CRS_FrequencyErrorCounterCmd), (24 bytes).
    Removing stm32f0xx_crs.o(i.CRS_FrequencyErrorCounterReload), (24 bytes).
    Removing stm32f0xx_crs.o(i.CRS_FrequencyErrorLimitConfig), (24 bytes).
    Removing stm32f0xx_crs.o(i.CRS_GetFlagStatus), (16 bytes).
    Removing stm32f0xx_crs.o(i.CRS_GetFrequencyErrorDirection), (16 bytes).
    Removing stm32f0xx_crs.o(i.CRS_GetFrequencyErrorValue), (16 bytes).
    Removing stm32f0xx_crs.o(i.CRS_GetHSI48CalibrationValue), (16 bytes).
    Removing stm32f0xx_crs.o(i.CRS_GetITStatus), (16 bytes).
    Removing stm32f0xx_crs.o(i.CRS_GetReloadValue), (12 bytes).
    Removing stm32f0xx_crs.o(i.CRS_ITConfig), (24 bytes).
    Removing stm32f0xx_crs.o(i.CRS_SoftwareSynchronizationGenerate), (16 bytes).
    Removing stm32f0xx_crs.o(i.CRS_SynchronizationPolarityConfig), (24 bytes).
    Removing stm32f0xx_crs.o(i.CRS_SynchronizationPrescalerConfig), (24 bytes).
    Removing stm32f0xx_crs.o(i.CRS_SynchronizationSourceConfig), (24 bytes).
    Removing stm32f0xx_dac.o(.rev16_text), (4 bytes).
    Removing stm32f0xx_dac.o(.revsh_text), (4 bytes).
    Removing stm32f0xx_dac.o(i.DAC_ClearFlag), (12 bytes).
    Removing stm32f0xx_dac.o(i.DAC_ClearITPendingBit), (12 bytes).
    Removing stm32f0xx_dac.o(i.DAC_Cmd), (28 bytes).
    Removing stm32f0xx_dac.o(i.DAC_DMACmd), (28 bytes).
    Removing stm32f0xx_dac.o(i.DAC_DeInit), (22 bytes).
    Removing stm32f0xx_dac.o(i.DAC_DualSoftwareTriggerCmd), (28 bytes).
    Removing stm32f0xx_dac.o(i.DAC_GetDataOutputValue), (24 bytes).
    Removing stm32f0xx_dac.o(i.DAC_GetFlagStatus), (24 bytes).
    Removing stm32f0xx_dac.o(i.DAC_GetITStatus), (32 bytes).
    Removing stm32f0xx_dac.o(i.DAC_ITConfig), (24 bytes).
    Removing stm32f0xx_dac.o(i.DAC_Init), (40 bytes).
    Removing stm32f0xx_dac.o(i.DAC_SetChannel1Data), (20 bytes).
    Removing stm32f0xx_dac.o(i.DAC_SetChannel2Data), (20 bytes).
    Removing stm32f0xx_dac.o(i.DAC_SetDualChannelData), (24 bytes).
    Removing stm32f0xx_dac.o(i.DAC_SoftwareTriggerCmd), (28 bytes).
    Removing stm32f0xx_dac.o(i.DAC_StructInit), (12 bytes).
    Removing stm32f0xx_dac.o(i.DAC_WaveGenerationCmd), (24 bytes).
    Removing stm32f0xx_dbgmcu.o(.rev16_text), (4 bytes).
    Removing stm32f0xx_dbgmcu.o(.revsh_text), (4 bytes).
    Removing stm32f0xx_dbgmcu.o(i.DBGMCU_APB1PeriphConfig), (24 bytes).
    Removing stm32f0xx_dbgmcu.o(i.DBGMCU_APB2PeriphConfig), (24 bytes).
    Removing stm32f0xx_dbgmcu.o(i.DBGMCU_Config), (24 bytes).
    Removing stm32f0xx_dbgmcu.o(i.DBGMCU_GetDEVID), (16 bytes).
    Removing stm32f0xx_dbgmcu.o(i.DBGMCU_GetREVID), (12 bytes).
    Removing stm32f0xx_dma.o(.rev16_text), (4 bytes).
    Removing stm32f0xx_dma.o(.revsh_text), (4 bytes).
    Removing stm32f0xx_dma.o(i.DMA_ClearFlag), (24 bytes).
    Removing stm32f0xx_dma.o(i.DMA_ClearITPendingBit), (24 bytes).
    Removing stm32f0xx_dma.o(i.DMA_Cmd), (24 bytes).
    Removing stm32f0xx_dma.o(i.DMA_DeInit), (192 bytes).
    Removing stm32f0xx_dma.o(i.DMA_GetCurrDataCounter), (6 bytes).
    Removing stm32f0xx_dma.o(i.DMA_GetFlagStatus), (32 bytes).
    Removing stm32f0xx_dma.o(i.DMA_GetITStatus), (32 bytes).
    Removing stm32f0xx_dma.o(i.DMA_ITConfig), (16 bytes).
    Removing stm32f0xx_dma.o(i.DMA_Init), (60 bytes).
    Removing stm32f0xx_dma.o(i.DMA_RemapConfig), (30 bytes).
    Removing stm32f0xx_dma.o(i.DMA_SetCurrDataCounter), (4 bytes).
    Removing stm32f0xx_dma.o(i.DMA_StructInit), (26 bytes).
    Removing stm32f0xx_exti.o(.rev16_text), (4 bytes).
    Removing stm32f0xx_exti.o(.revsh_text), (4 bytes).
    Removing stm32f0xx_exti.o(i.EXTI_ClearFlag), (12 bytes).
    Removing stm32f0xx_exti.o(i.EXTI_ClearITPendingBit), (12 bytes).
    Removing stm32f0xx_exti.o(i.EXTI_DeInit), (32 bytes).
    Removing stm32f0xx_exti.o(i.EXTI_GenerateSWInterrupt), (16 bytes).
    Removing stm32f0xx_exti.o(i.EXTI_GetFlagStatus), (20 bytes).
    Removing stm32f0xx_exti.o(i.EXTI_GetITStatus), (20 bytes).
    Removing stm32f0xx_exti.o(i.EXTI_Init), (108 bytes).
    Removing stm32f0xx_exti.o(i.EXTI_StructInit), (14 bytes).
    Removing stm32f0xx_flash.o(.rev16_text), (4 bytes).
    Removing stm32f0xx_flash.o(.revsh_text), (4 bytes).
    Removing stm32f0xx_flash.o(i.FLASH_ClearFlag), (12 bytes).
    Removing stm32f0xx_flash.o(i.FLASH_EraseAllPages), (52 bytes).
    Removing stm32f0xx_flash.o(i.FLASH_ErasePage), (56 bytes).
    Removing stm32f0xx_flash.o(i.FLASH_GetFlagStatus), (20 bytes).
    Removing stm32f0xx_flash.o(i.FLASH_GetPrefetchBufferStatus), (20 bytes).
    Removing stm32f0xx_flash.o(i.FLASH_GetStatus), (40 bytes).
    Removing stm32f0xx_flash.o(i.FLASH_ITConfig), (24 bytes).
    Removing stm32f0xx_flash.o(i.FLASH_Lock), (16 bytes).
    Removing stm32f0xx_flash.o(i.FLASH_OB_BOOT0Config), (64 bytes).
    Removing stm32f0xx_flash.o(i.FLASH_OB_BOOT0SWConfig), (64 bytes).
    Removing stm32f0xx_flash.o(i.FLASH_OB_BOOTConfig), (64 bytes).
    Removing stm32f0xx_flash.o(i.FLASH_OB_EnableWRP), (140 bytes).
    Removing stm32f0xx_flash.o(i.FLASH_OB_Erase), (116 bytes).
    Removing stm32f0xx_flash.o(i.FLASH_OB_GetRDP), (20 bytes).
    Removing stm32f0xx_flash.o(i.FLASH_OB_GetUser), (16 bytes).
    Removing stm32f0xx_flash.o(i.FLASH_OB_GetWRP), (12 bytes).
    Removing stm32f0xx_flash.o(i.FLASH_OB_Launch), (20 bytes).
    Removing stm32f0xx_flash.o(i.FLASH_OB_Lock), (16 bytes).
    Removing stm32f0xx_flash.o(i.FLASH_OB_ProgramData), (56 bytes).
    Removing stm32f0xx_flash.o(i.FLASH_OB_RDPConfig), (92 bytes).
    Removing stm32f0xx_flash.o(i.FLASH_OB_SRAMParityConfig), (64 bytes).
    Removing stm32f0xx_flash.o(i.FLASH_OB_Unlock), (32 bytes).
    Removing stm32f0xx_flash.o(i.FLASH_OB_UserConfig), (72 bytes).
    Removing stm32f0xx_flash.o(i.FLASH_OB_VDDAConfig), (64 bytes).
    Removing stm32f0xx_flash.o(i.FLASH_OB_WriteUser), (60 bytes).
    Removing stm32f0xx_flash.o(i.FLASH_PrefetchBufferCmd), (24 bytes).
    Removing stm32f0xx_flash.o(i.FLASH_ProgramHalfWord), (52 bytes).
    Removing stm32f0xx_flash.o(i.FLASH_ProgramWord), (76 bytes).
    Removing stm32f0xx_flash.o(i.FLASH_SetLatency), (20 bytes).
    Removing stm32f0xx_flash.o(i.FLASH_Unlock), (32 bytes).
    Removing stm32f0xx_flash.o(i.FLASH_WaitForLastOperation), (34 bytes).
    Removing stm32f0xx_gpio.o(.rev16_text), (4 bytes).
    Removing stm32f0xx_gpio.o(.revsh_text), (4 bytes).
    Removing stm32f0xx_gpio.o(i.GPIO_DeInit), (112 bytes).
    Removing stm32f0xx_gpio.o(i.GPIO_PinLockConfig), (26 bytes).
    Removing stm32f0xx_gpio.o(i.GPIO_ReadInputData), (4 bytes).
    Removing stm32f0xx_gpio.o(i.GPIO_ReadInputDataBit), (14 bytes).
    Removing stm32f0xx_gpio.o(i.GPIO_ReadOutputData), (4 bytes).
    Removing stm32f0xx_gpio.o(i.GPIO_ReadOutputDataBit), (14 bytes).
    Removing stm32f0xx_gpio.o(i.GPIO_ResetBits), (4 bytes).
    Removing stm32f0xx_gpio.o(i.GPIO_SetBits), (4 bytes).
    Removing stm32f0xx_gpio.o(i.GPIO_StructInit), (24 bytes).
    Removing stm32f0xx_gpio.o(i.GPIO_Write), (4 bytes).
    Removing stm32f0xx_i2c.o(.rev16_text), (4 bytes).
    Removing stm32f0xx_i2c.o(.revsh_text), (4 bytes).
    Removing stm32f0xx_i2c.o(i.I2C_10BitAddressHeaderCmd), (20 bytes).
    Removing stm32f0xx_i2c.o(i.I2C_10BitAddressingModeCmd), (20 bytes).
    Removing stm32f0xx_i2c.o(i.I2C_AcknowledgeConfig), (20 bytes).
    Removing stm32f0xx_i2c.o(i.I2C_AutoEndCmd), (20 bytes).
    Removing stm32f0xx_i2c.o(i.I2C_CalculatePEC), (20 bytes).
    Removing stm32f0xx_i2c.o(i.I2C_ClearFlag), (4 bytes).
    Removing stm32f0xx_i2c.o(i.I2C_ClearITPendingBit), (4 bytes).
    Removing stm32f0xx_i2c.o(i.I2C_ClockTimeoutCmd), (20 bytes).
    Removing stm32f0xx_i2c.o(i.I2C_Cmd), (20 bytes).
    Removing stm32f0xx_i2c.o(i.I2C_DMACmd), (16 bytes).
    Removing stm32f0xx_i2c.o(i.I2C_DeInit), (40 bytes).
    Removing stm32f0xx_i2c.o(i.I2C_DualAddressCmd), (20 bytes).
    Removing stm32f0xx_i2c.o(i.I2C_ExtendedClockTimeoutCmd), (22 bytes).
    Removing stm32f0xx_i2c.o(i.I2C_GeneralCallCmd), (20 bytes).
    Removing stm32f0xx_i2c.o(i.I2C_GenerateSTART), (20 bytes).
    Removing stm32f0xx_i2c.o(i.I2C_GenerateSTOP), (20 bytes).
    Removing stm32f0xx_i2c.o(i.I2C_GetAddressMatched), (10 bytes).
    Removing stm32f0xx_i2c.o(i.I2C_GetFlagStatus), (14 bytes).
    Removing stm32f0xx_i2c.o(i.I2C_GetITStatus), (48 bytes).
    Removing stm32f0xx_i2c.o(i.I2C_GetPEC), (6 bytes).
    Removing stm32f0xx_i2c.o(i.I2C_GetTransferDirection), (18 bytes).
    Removing stm32f0xx_i2c.o(i.I2C_ITConfig), (16 bytes).
    Removing stm32f0xx_i2c.o(i.I2C_IdleClockTimeoutCmd), (20 bytes).
    Removing stm32f0xx_i2c.o(i.I2C_Init), (100 bytes).
    Removing stm32f0xx_i2c.o(i.I2C_MasterRequestConfig), (20 bytes).
    Removing stm32f0xx_i2c.o(i.I2C_NumberOfBytesConfig), (16 bytes).
    Removing stm32f0xx_i2c.o(i.I2C_OwnAddress2Config), (28 bytes).
    Removing stm32f0xx_i2c.o(i.I2C_PECRequestCmd), (20 bytes).
    Removing stm32f0xx_i2c.o(i.I2C_ReadRegister), (10 bytes).
    Removing stm32f0xx_i2c.o(i.I2C_ReceiveData), (6 bytes).
    Removing stm32f0xx_i2c.o(i.I2C_ReloadCmd), (20 bytes).
    Removing stm32f0xx_i2c.o(i.I2C_SMBusAlertCmd), (20 bytes).
    Removing stm32f0xx_i2c.o(i.I2C_SendData), (4 bytes).
    Removing stm32f0xx_i2c.o(i.I2C_SlaveAddressConfig), (16 bytes).
    Removing stm32f0xx_i2c.o(i.I2C_SlaveByteControlCmd), (20 bytes).
    Removing stm32f0xx_i2c.o(i.I2C_SoftwareResetCmd), (20 bytes).
    Removing stm32f0xx_i2c.o(i.I2C_StopModeCmd), (20 bytes).
    Removing stm32f0xx_i2c.o(i.I2C_StretchClockCmd), (20 bytes).
    Removing stm32f0xx_i2c.o(i.I2C_StructInit), (22 bytes).
    Removing stm32f0xx_i2c.o(i.I2C_TimeoutAConfig), (16 bytes).
    Removing stm32f0xx_i2c.o(i.I2C_TimeoutBConfig), (20 bytes).
    Removing stm32f0xx_i2c.o(i.I2C_TransferHandling), (32 bytes).
    Removing stm32f0xx_iwdg.o(.rev16_text), (4 bytes).
    Removing stm32f0xx_iwdg.o(.revsh_text), (4 bytes).
    Removing stm32f0xx_iwdg.o(i.IWDG_Enable), (16 bytes).
    Removing stm32f0xx_iwdg.o(i.IWDG_GetFlagStatus), (20 bytes).
    Removing stm32f0xx_iwdg.o(i.IWDG_ReloadCounter), (16 bytes).
    Removing stm32f0xx_iwdg.o(i.IWDG_SetPrescaler), (12 bytes).
    Removing stm32f0xx_iwdg.o(i.IWDG_SetReload), (12 bytes).
    Removing stm32f0xx_iwdg.o(i.IWDG_SetWindowValue), (12 bytes).
    Removing stm32f0xx_iwdg.o(i.IWDG_WriteAccessCmd), (12 bytes).
    Removing stm32f0xx_misc.o(.rev16_text), (4 bytes).
    Removing stm32f0xx_misc.o(.revsh_text), (4 bytes).
    Removing stm32f0xx_misc.o(i.NVIC_SystemLPConfig), (24 bytes).
    Removing stm32f0xx_misc.o(i.SysTick_CLKSourceConfig), (24 bytes).
    Removing stm32f0xx_pwr.o(.rev16_text), (4 bytes).
    Removing stm32f0xx_pwr.o(.revsh_text), (4 bytes).
    Removing stm32f0xx_pwr.o(i.PWR_BackupAccessCmd), (24 bytes).
    Removing stm32f0xx_pwr.o(i.PWR_ClearFlag), (16 bytes).
    Removing stm32f0xx_pwr.o(i.PWR_DeInit), (22 bytes).
    Removing stm32f0xx_pwr.o(i.PWR_EnterSTANDBYMode), (32 bytes).
    Removing stm32f0xx_pwr.o(i.PWR_EnterSTOPMode), (60 bytes).
    Removing stm32f0xx_pwr.o(i.PWR_EnterSleepMode), (32 bytes).
    Removing stm32f0xx_pwr.o(i.PWR_GetFlagStatus), (20 bytes).
    Removing stm32f0xx_pwr.o(i.PWR_PVDCmd), (24 bytes).
    Removing stm32f0xx_pwr.o(i.PWR_PVDLevelConfig), (20 bytes).
    Removing stm32f0xx_pwr.o(i.PWR_WakeUpPinCmd), (24 bytes).
    Removing stm32f0xx_rcc.o(.rev16_text), (4 bytes).
    Removing stm32f0xx_rcc.o(.revsh_text), (4 bytes).
    Removing stm32f0xx_rcc.o(i.RCC_ADCCLKConfig), (44 bytes).
    Removing stm32f0xx_rcc.o(i.RCC_AHBPeriphResetCmd), (24 bytes).
    Removing stm32f0xx_rcc.o(i.RCC_APB2PeriphResetCmd), (24 bytes).
    Removing stm32f0xx_rcc.o(i.RCC_AdjustHSI14CalibrationValue), (20 bytes).
    Removing stm32f0xx_rcc.o(i.RCC_AdjustHSICalibrationValue), (20 bytes).
    Removing stm32f0xx_rcc.o(i.RCC_BackupResetCmd), (28 bytes).
    Removing stm32f0xx_rcc.o(i.RCC_CECCLKConfig), (24 bytes).
    Removing stm32f0xx_rcc.o(i.RCC_ClearFlag), (20 bytes).
    Removing stm32f0xx_rcc.o(i.RCC_ClearITPendingBit), (12 bytes).
    Removing stm32f0xx_rcc.o(i.RCC_ClockSecuritySystemCmd), (28 bytes).
    Removing stm32f0xx_rcc.o(i.RCC_DeInit), (92 bytes).
    Removing stm32f0xx_rcc.o(i.RCC_GetClocksFreq), (376 bytes).
    Removing stm32f0xx_rcc.o(i.RCC_GetFlagStatus), (52 bytes).
    Removing stm32f0xx_rcc.o(i.RCC_GetITStatus), (20 bytes).
    Removing stm32f0xx_rcc.o(i.RCC_GetSYSCLKSource), (16 bytes).
    Removing stm32f0xx_rcc.o(i.RCC_HCLKConfig), (20 bytes).
    Removing stm32f0xx_rcc.o(i.RCC_HSEConfig), (16 bytes).
    Removing stm32f0xx_rcc.o(i.RCC_HSI14ADCRequestCmd), (24 bytes).
    Removing stm32f0xx_rcc.o(i.RCC_HSI14Cmd), (28 bytes).
    Removing stm32f0xx_rcc.o(i.RCC_HSI48Cmd), (28 bytes).
    Removing stm32f0xx_rcc.o(i.RCC_HSICmd), (28 bytes).
    Removing stm32f0xx_rcc.o(i.RCC_I2CCLKConfig), (24 bytes).
    Removing stm32f0xx_rcc.o(i.RCC_ITConfig), (24 bytes).
    Removing stm32f0xx_rcc.o(i.RCC_LSEConfig), (32 bytes).
    Removing stm32f0xx_rcc.o(i.RCC_LSEDriveConfig), (24 bytes).
    Removing stm32f0xx_rcc.o(i.RCC_LSICmd), (28 bytes).
    Removing stm32f0xx_rcc.o(i.RCC_MCOConfig), (24 bytes).
    Removing stm32f0xx_rcc.o(i.RCC_PCLKConfig), (20 bytes).
    Removing stm32f0xx_rcc.o(i.RCC_PLLCmd), (28 bytes).
    Removing stm32f0xx_rcc.o(i.RCC_PLLConfig), (28 bytes).
    Removing stm32f0xx_rcc.o(i.RCC_PREDIV1Config), (20 bytes).
    Removing stm32f0xx_rcc.o(i.RCC_RTCCLKCmd), (28 bytes).
    Removing stm32f0xx_rcc.o(i.RCC_RTCCLKConfig), (16 bytes).
    Removing stm32f0xx_rcc.o(i.RCC_SYSCLKConfig), (20 bytes).
    Removing stm32f0xx_rcc.o(i.RCC_USARTCLKConfig), (48 bytes).
    Removing stm32f0xx_rcc.o(i.RCC_USBCLKConfig), (24 bytes).
    Removing stm32f0xx_rcc.o(i.RCC_WaitForHSEStartUp), (44 bytes).
    Removing stm32f0xx_rcc.o(.data), (16 bytes).
    Removing stm32f0xx_rtc.o(.rev16_text), (4 bytes).
    Removing stm32f0xx_rtc.o(.revsh_text), (4 bytes).
    Removing stm32f0xx_rtc.o(i.RTC_AlarmCmd), (80 bytes).
    Removing stm32f0xx_rtc.o(i.RTC_AlarmStructInit), (20 bytes).
    Removing stm32f0xx_rtc.o(i.RTC_AlarmSubSecondConfig), (32 bytes).
    Removing stm32f0xx_rtc.o(i.RTC_Bcd2ToByte), (16 bytes).
    Removing stm32f0xx_rtc.o(i.RTC_BypassShadowCmd), (40 bytes).
    Removing stm32f0xx_rtc.o(i.RTC_ByteToBcd2), (24 bytes).
    Removing stm32f0xx_rtc.o(i.RTC_CalibOutputCmd), (40 bytes).
    Removing stm32f0xx_rtc.o(i.RTC_CalibOutputConfig), (36 bytes).
    Removing stm32f0xx_rtc.o(i.RTC_ClearFlag), (28 bytes).
    Removing stm32f0xx_rtc.o(i.RTC_ClearITPendingBit), (28 bytes).
    Removing stm32f0xx_rtc.o(i.RTC_DateStructInit), (14 bytes).
    Removing stm32f0xx_rtc.o(i.RTC_DayLightSavingConfig), (40 bytes).
    Removing stm32f0xx_rtc.o(i.RTC_DeInit), (92 bytes).
    Removing stm32f0xx_rtc.o(i.RTC_EnterInitMode), (60 bytes).
    Removing stm32f0xx_rtc.o(i.RTC_ExitInitMode), (16 bytes).
    Removing stm32f0xx_rtc.o(i.RTC_GetAlarm), (100 bytes).
    Removing stm32f0xx_rtc.o(i.RTC_GetAlarmSubSecond), (16 bytes).
    Removing stm32f0xx_rtc.o(i.RTC_GetDate), (76 bytes).
    Removing stm32f0xx_rtc.o(i.RTC_GetFlagStatus), (28 bytes).
    Removing stm32f0xx_rtc.o(i.RTC_GetITStatus), (60 bytes).
    Removing stm32f0xx_rtc.o(i.RTC_GetStoreOperation), (16 bytes).
    Removing stm32f0xx_rtc.o(i.RTC_GetSubSecond), (12 bytes).
    Removing stm32f0xx_rtc.o(i.RTC_GetTime), (80 bytes).
    Removing stm32f0xx_rtc.o(i.RTC_GetTimeStamp), (136 bytes).
    Removing stm32f0xx_rtc.o(i.RTC_GetTimeStampSubSecond), (12 bytes).
    Removing stm32f0xx_rtc.o(i.RTC_GetWakeUpCounter), (12 bytes).
    Removing stm32f0xx_rtc.o(i.RTC_ITConfig), (60 bytes).
    Removing stm32f0xx_rtc.o(i.RTC_Init), (72 bytes).
    Removing stm32f0xx_rtc.o(i.RTC_OutputConfig), (40 bytes).
    Removing stm32f0xx_rtc.o(i.RTC_OutputTypeConfig), (24 bytes).
    Removing stm32f0xx_rtc.o(i.RTC_ReadBackupRegister), (20 bytes).
    Removing stm32f0xx_rtc.o(i.RTC_RefClockCmd), (60 bytes).
    Removing stm32f0xx_rtc.o(i.RTC_SetAlarm), (136 bytes).
    Removing stm32f0xx_rtc.o(i.RTC_SetDate), (148 bytes).
    Removing stm32f0xx_rtc.o(i.RTC_SetTime), (152 bytes).
    Removing stm32f0xx_rtc.o(i.RTC_SetWakeUpCounter), (24 bytes).
    Removing stm32f0xx_rtc.o(i.RTC_SmoothCalibConfig), (64 bytes).
    Removing stm32f0xx_rtc.o(i.RTC_StructInit), (14 bytes).
    Removing stm32f0xx_rtc.o(i.RTC_SynchroShiftConfig), (76 bytes).
    Removing stm32f0xx_rtc.o(i.RTC_TamperCmd), (24 bytes).
    Removing stm32f0xx_rtc.o(i.RTC_TamperFilterConfig), (24 bytes).
    Removing stm32f0xx_rtc.o(i.RTC_TamperPinsPrechargeDuration), (24 bytes).
    Removing stm32f0xx_rtc.o(i.RTC_TamperPullUpCmd), (24 bytes).
    Removing stm32f0xx_rtc.o(i.RTC_TamperSamplingFreqConfig), (24 bytes).
    Removing stm32f0xx_rtc.o(i.RTC_TamperTriggerConfig), (24 bytes).
    Removing stm32f0xx_rtc.o(i.RTC_TimeStampCmd), (44 bytes).
    Removing stm32f0xx_rtc.o(i.RTC_TimeStampOnTamperDetectionCmd), (24 bytes).
    Removing stm32f0xx_rtc.o(i.RTC_TimeStructInit), (12 bytes).
    Removing stm32f0xx_rtc.o(i.RTC_WaitForSynchro), (80 bytes).
    Removing stm32f0xx_rtc.o(i.RTC_WakeUpClockConfig), (36 bytes).
    Removing stm32f0xx_rtc.o(i.RTC_WakeUpCmd), (80 bytes).
    Removing stm32f0xx_rtc.o(i.RTC_WriteBackupRegister), (20 bytes).
    Removing stm32f0xx_rtc.o(i.RTC_WriteProtectionCmd), (24 bytes).
    Removing stm32f0xx_spi.o(.rev16_text), (4 bytes).
    Removing stm32f0xx_spi.o(.revsh_text), (4 bytes).
    Removing stm32f0xx_spi.o(i.I2S_Cmd), (28 bytes).
    Removing stm32f0xx_spi.o(i.I2S_Init), (156 bytes).
    Removing stm32f0xx_spi.o(i.I2S_StructInit), (18 bytes).
    Removing stm32f0xx_spi.o(i.SPI_BiDirectionalLineConfig), (28 bytes).
    Removing stm32f0xx_spi.o(i.SPI_CRCLengthConfig), (20 bytes).
    Removing stm32f0xx_spi.o(i.SPI_CalculateCRC), (28 bytes).
    Removing stm32f0xx_spi.o(i.SPI_Cmd), (18 bytes).
    Removing stm32f0xx_spi.o(i.SPI_DataSizeConfig), (16 bytes).
    Removing stm32f0xx_spi.o(i.SPI_GetCRC), (12 bytes).
    Removing stm32f0xx_spi.o(i.SPI_GetCRCPolynomial), (4 bytes).
    Removing stm32f0xx_spi.o(i.SPI_GetReceptionFIFOStatus), (10 bytes).
    Removing stm32f0xx_spi.o(i.SPI_GetTransmissionFIFOStatus), (10 bytes).
    Removing stm32f0xx_spi.o(i.SPI_I2S_ClearFlag), (6 bytes).
    Removing stm32f0xx_spi.o(i.SPI_I2S_DMACmd), (16 bytes).
    Removing stm32f0xx_spi.o(i.SPI_I2S_DeInit), (64 bytes).
    Removing stm32f0xx_spi.o(i.SPI_I2S_GetFlagStatus), (14 bytes).
    Removing stm32f0xx_spi.o(i.SPI_I2S_GetITStatus), (42 bytes).
    Removing stm32f0xx_spi.o(i.SPI_I2S_ITConfig), (24 bytes).
    Removing stm32f0xx_spi.o(i.SPI_I2S_ReceiveData16), (4 bytes).
    Removing stm32f0xx_spi.o(i.SPI_I2S_SendData16), (4 bytes).
    Removing stm32f0xx_spi.o(i.SPI_Init), (84 bytes).
    Removing stm32f0xx_spi.o(i.SPI_LastDMATransferCmd), (20 bytes).
    Removing stm32f0xx_spi.o(i.SPI_NSSInternalSoftwareConfig), (28 bytes).
    Removing stm32f0xx_spi.o(i.SPI_NSSPulseModeCmd), (18 bytes).
    Removing stm32f0xx_spi.o(i.SPI_ReceiveData8), (4 bytes).
    Removing stm32f0xx_spi.o(i.SPI_RxFIFOThresholdConfig), (20 bytes).
    Removing stm32f0xx_spi.o(i.SPI_SSOutputCmd), (18 bytes).
    Removing stm32f0xx_spi.o(i.SPI_SendData8), (4 bytes).
    Removing stm32f0xx_spi.o(i.SPI_StructInit), (28 bytes).
    Removing stm32f0xx_spi.o(i.SPI_TIModeCmd), (18 bytes).
    Removing stm32f0xx_spi.o(i.SPI_TransmitCRC), (12 bytes).
    Removing stm32f0xx_syscfg.o(.rev16_text), (4 bytes).
    Removing stm32f0xx_syscfg.o(.revsh_text), (4 bytes).
    Removing stm32f0xx_syscfg.o(i.SYSCFG_BreakConfig), (16 bytes).
    Removing stm32f0xx_syscfg.o(i.SYSCFG_ClearFlag), (16 bytes).
    Removing stm32f0xx_syscfg.o(i.SYSCFG_DMAChannelRemapConfig), (24 bytes).
    Removing stm32f0xx_syscfg.o(i.SYSCFG_DeInit), (36 bytes).
    Removing stm32f0xx_syscfg.o(i.SYSCFG_EXTILineConfig), (40 bytes).
    Removing stm32f0xx_syscfg.o(i.SYSCFG_GetFlagStatus), (20 bytes).
    Removing stm32f0xx_syscfg.o(i.SYSCFG_GetPendingIT), (24 bytes).
    Removing stm32f0xx_syscfg.o(i.SYSCFG_I2CFastModePlusConfig), (24 bytes).
    Removing stm32f0xx_syscfg.o(i.SYSCFG_IRDAEnvSelection), (24 bytes).
    Removing stm32f0xx_syscfg.o(i.SYSCFG_MemoryRemapConfig), (20 bytes).
    Removing stm32f0xx_tim.o(.rev16_text), (4 bytes).
    Removing stm32f0xx_tim.o(.revsh_text), (4 bytes).
    Removing stm32f0xx_tim.o(i.TI1_Config), (40 bytes).
    Removing stm32f0xx_tim.o(i.TI2_Config), (48 bytes).
    Removing stm32f0xx_tim.o(i.TIM_ARRPreloadConfig), (18 bytes).
    Removing stm32f0xx_tim.o(i.TIM_BDTRConfig), (34 bytes).
    Removing stm32f0xx_tim.o(i.TIM_BDTRStructInit), (18 bytes).
    Removing stm32f0xx_tim.o(i.TIM_CCPreloadControl), (20 bytes).
    Removing stm32f0xx_tim.o(i.TIM_CCxCmd), (22 bytes).
    Removing stm32f0xx_tim.o(i.TIM_CCxNCmd), (22 bytes).
    Removing stm32f0xx_tim.o(i.TIM_ClearFlag), (6 bytes).
    Removing stm32f0xx_tim.o(i.TIM_ClearITPendingBit), (6 bytes).
    Removing stm32f0xx_tim.o(i.TIM_ClearOC1Ref), (12 bytes).
    Removing stm32f0xx_tim.o(i.TIM_ClearOC2Ref), (14 bytes).
    Removing stm32f0xx_tim.o(i.TIM_ClearOC3Ref), (12 bytes).
    Removing stm32f0xx_tim.o(i.TIM_ClearOC4Ref), (14 bytes).
    Removing stm32f0xx_tim.o(i.TIM_CounterModeConfig), (12 bytes).
    Removing stm32f0xx_tim.o(i.TIM_DMACmd), (16 bytes).
    Removing stm32f0xx_tim.o(i.TIM_DMAConfig), (8 bytes).
    Removing stm32f0xx_tim.o(i.TIM_DeInit), (204 bytes).
    Removing stm32f0xx_tim.o(i.TIM_ETRClockMode1Config), (28 bytes).
    Removing stm32f0xx_tim.o(i.TIM_ETRClockMode2Config), (20 bytes).
    Removing stm32f0xx_tim.o(i.TIM_ETRConfig), (18 bytes).
    Removing stm32f0xx_tim.o(i.TIM_EncoderInterfaceConfig), (48 bytes).
    Removing stm32f0xx_tim.o(i.TIM_ForcedOC1Config), (12 bytes).
    Removing stm32f0xx_tim.o(i.TIM_ForcedOC2Config), (20 bytes).
    Removing stm32f0xx_tim.o(i.TIM_ForcedOC3Config), (12 bytes).
    Removing stm32f0xx_tim.o(i.TIM_ForcedOC4Config), (20 bytes).
    Removing stm32f0xx_tim.o(i.TIM_GenerateEvent), (4 bytes).
    Removing stm32f0xx_tim.o(i.TIM_GetCapture1), (4 bytes).
    Removing stm32f0xx_tim.o(i.TIM_GetCapture2), (4 bytes).
    Removing stm32f0xx_tim.o(i.TIM_GetCapture3), (4 bytes).
    Removing stm32f0xx_tim.o(i.TIM_GetCapture4), (4 bytes).
    Removing stm32f0xx_tim.o(i.TIM_GetCounter), (4 bytes).
    Removing stm32f0xx_tim.o(i.TIM_GetFlagStatus), (14 bytes).
    Removing stm32f0xx_tim.o(i.TIM_GetITStatus), (24 bytes).
    Removing stm32f0xx_tim.o(i.TIM_GetPrescaler), (4 bytes).
    Removing stm32f0xx_tim.o(i.TIM_ICInit), (184 bytes).
    Removing stm32f0xx_tim.o(i.TIM_ICStructInit), (16 bytes).
    Removing stm32f0xx_tim.o(i.TIM_ITConfig), (16 bytes).
    Removing stm32f0xx_tim.o(i.TIM_ITRxExternalClockConfig), (18 bytes).
    Removing stm32f0xx_tim.o(i.TIM_InternalClockConfig), (10 bytes).
    Removing stm32f0xx_tim.o(i.TIM_OC1FastConfig), (12 bytes).
    Removing stm32f0xx_tim.o(i.TIM_OC1Init), (124 bytes).
    Removing stm32f0xx_tim.o(i.TIM_OC1NPolarityConfig), (12 bytes).
    Removing stm32f0xx_tim.o(i.TIM_OC1PolarityConfig), (12 bytes).
    Removing stm32f0xx_tim.o(i.TIM_OC1PreloadConfig), (12 bytes).
    Removing stm32f0xx_tim.o(i.TIM_OC2FastConfig), (20 bytes).
    Removing stm32f0xx_tim.o(i.TIM_OC2NPolarityConfig), (14 bytes).
    Removing stm32f0xx_tim.o(i.TIM_OC2PolarityConfig), (14 bytes).
    Removing stm32f0xx_tim.o(i.TIM_OC2PreloadConfig), (20 bytes).
    Removing stm32f0xx_tim.o(i.TIM_OC3FastConfig), (12 bytes).
    Removing stm32f0xx_tim.o(i.TIM_OC3Init), (136 bytes).
    Removing stm32f0xx_tim.o(i.TIM_OC3NPolarityConfig), (20 bytes).
    Removing stm32f0xx_tim.o(i.TIM_OC3PolarityConfig), (20 bytes).
    Removing stm32f0xx_tim.o(i.TIM_OC3PreloadConfig), (12 bytes).
    Removing stm32f0xx_tim.o(i.TIM_OC4FastConfig), (20 bytes).
    Removing stm32f0xx_tim.o(i.TIM_OC4Init), (100 bytes).
    Removing stm32f0xx_tim.o(i.TIM_OC4PolarityConfig), (20 bytes).
    Removing stm32f0xx_tim.o(i.TIM_OC4PreloadConfig), (20 bytes).
    Removing stm32f0xx_tim.o(i.TIM_OCStructInit), (20 bytes).
    Removing stm32f0xx_tim.o(i.TIM_PWMIConfig), (104 bytes).
    Removing stm32f0xx_tim.o(i.TIM_PrescalerConfig), (6 bytes).
    Removing stm32f0xx_tim.o(i.TIM_RemapConfig), (6 bytes).
    Removing stm32f0xx_tim.o(i.TIM_SelectCCDMA), (18 bytes).
    Removing stm32f0xx_tim.o(i.TIM_SelectCOM), (18 bytes).
    Removing stm32f0xx_tim.o(i.TIM_SelectHallSensor), (18 bytes).
    Removing stm32f0xx_tim.o(i.TIM_SelectInputTrigger), (12 bytes).
    Removing stm32f0xx_tim.o(i.TIM_SelectMasterSlaveMode), (16 bytes).
    Removing stm32f0xx_tim.o(i.TIM_SelectOCREFClear), (16 bytes).
    Removing stm32f0xx_tim.o(i.TIM_SelectOCxM), (70 bytes).
    Removing stm32f0xx_tim.o(i.TIM_SelectOnePulseMode), (16 bytes).
    Removing stm32f0xx_tim.o(i.TIM_SelectOutputTrigger), (16 bytes).
    Removing stm32f0xx_tim.o(i.TIM_SelectSlaveMode), (16 bytes).
    Removing stm32f0xx_tim.o(i.TIM_SetAutoreload), (4 bytes).
    Removing stm32f0xx_tim.o(i.TIM_SetClockDivision), (20 bytes).
    Removing stm32f0xx_tim.o(i.TIM_SetCompare1), (4 bytes).
    Removing stm32f0xx_tim.o(i.TIM_SetCompare3), (4 bytes).
    Removing stm32f0xx_tim.o(i.TIM_SetCompare4), (4 bytes).
    Removing stm32f0xx_tim.o(i.TIM_SetCounter), (4 bytes).
    Removing stm32f0xx_tim.o(i.TIM_SetIC1Prescaler), (16 bytes).
    Removing stm32f0xx_tim.o(i.TIM_SetIC2Prescaler), (24 bytes).
    Removing stm32f0xx_tim.o(i.TIM_SetIC3Prescaler), (16 bytes).
    Removing stm32f0xx_tim.o(i.TIM_SetIC4Prescaler), (24 bytes).
    Removing stm32f0xx_tim.o(i.TIM_TIxExternalClockConfig), (48 bytes).
    Removing stm32f0xx_tim.o(i.TIM_TimeBaseStructInit), (18 bytes).
    Removing stm32f0xx_tim.o(i.TIM_UpdateDisableConfig), (18 bytes).
    Removing stm32f0xx_tim.o(i.TIM_UpdateRequestConfig), (18 bytes).
    Removing stm32f0xx_usart.o(.rev16_text), (4 bytes).
    Removing stm32f0xx_usart.o(.revsh_text), (4 bytes).
    Removing stm32f0xx_usart.o(i.USART_AddressDetectionConfig), (16 bytes).
    Removing stm32f0xx_usart.o(i.USART_AutoBaudRateCmd), (20 bytes).
    Removing stm32f0xx_usart.o(i.USART_AutoBaudRateConfig), (18 bytes).
    Removing stm32f0xx_usart.o(i.USART_ClearFlag), (4 bytes).
    Removing stm32f0xx_usart.o(i.USART_ClearITPendingBit), (10 bytes).
    Removing stm32f0xx_usart.o(i.USART_ClockInit), (28 bytes).
    Removing stm32f0xx_usart.o(i.USART_ClockStructInit), (12 bytes).
    Removing stm32f0xx_usart.o(i.USART_Cmd), (20 bytes).
    Removing stm32f0xx_usart.o(i.USART_DECmd), (20 bytes).
    Removing stm32f0xx_usart.o(i.USART_DEPolarityConfig), (18 bytes).
    Removing stm32f0xx_usart.o(i.USART_DMACmd), (16 bytes).
    Removing stm32f0xx_usart.o(i.USART_DMAReceptionErrorConfig), (18 bytes).
    Removing stm32f0xx_usart.o(i.USART_DataInvCmd), (20 bytes).
    Removing stm32f0xx_usart.o(i.USART_DeInit), (184 bytes).
    Removing stm32f0xx_usart.o(i.USART_DirectionModeCmd), (16 bytes).
    Removing stm32f0xx_usart.o(i.USART_GetFlagStatus), (14 bytes).
    Removing stm32f0xx_usart.o(i.USART_GetITStatus), (56 bytes).
    Removing stm32f0xx_usart.o(i.USART_HalfDuplexCmd), (18 bytes).
    Removing stm32f0xx_usart.o(i.USART_ITConfig), (42 bytes).
    Removing stm32f0xx_usart.o(i.USART_Init), (168 bytes).
    Removing stm32f0xx_usart.o(i.USART_InvPinCmd), (16 bytes).
    Removing stm32f0xx_usart.o(i.USART_IrDACmd), (18 bytes).
    Removing stm32f0xx_usart.o(i.USART_IrDAConfig), (16 bytes).
    Removing stm32f0xx_usart.o(i.USART_LINBreakDetectLengthConfig), (16 bytes).
    Removing stm32f0xx_usart.o(i.USART_LINCmd), (20 bytes).
    Removing stm32f0xx_usart.o(i.USART_MSBFirstCmd), (20 bytes).
    Removing stm32f0xx_usart.o(i.USART_MuteModeCmd), (20 bytes).
    Removing stm32f0xx_usart.o(i.USART_MuteModeWakeUpConfig), (18 bytes).
    Removing stm32f0xx_usart.o(i.USART_OneBitMethodCmd), (20 bytes).
    Removing stm32f0xx_usart.o(i.USART_OverSampling8Cmd), (20 bytes).
    Removing stm32f0xx_usart.o(i.USART_OverrunDetectionConfig), (18 bytes).
    Removing stm32f0xx_usart.o(i.USART_ReceiveData), (8 bytes).
    Removing stm32f0xx_usart.o(i.USART_ReceiverTimeOutCmd), (20 bytes).
    Removing stm32f0xx_usart.o(i.USART_RequestCmd), (16 bytes).
    Removing stm32f0xx_usart.o(i.USART_STOPModeCmd), (18 bytes).
    Removing stm32f0xx_usart.o(i.USART_SWAPPinCmd), (20 bytes).
    Removing stm32f0xx_usart.o(i.USART_SendData), (8 bytes).
    Removing stm32f0xx_usart.o(i.USART_SetAddress), (18 bytes).
    Removing stm32f0xx_usart.o(i.USART_SetAutoRetryCount), (20 bytes).
    Removing stm32f0xx_usart.o(i.USART_SetBlockLength), (18 bytes).
    Removing stm32f0xx_usart.o(i.USART_SetDEAssertionTime), (20 bytes).
    Removing stm32f0xx_usart.o(i.USART_SetDEDeassertionTime), (20 bytes).
    Removing stm32f0xx_usart.o(i.USART_SetGuardTime), (16 bytes).
    Removing stm32f0xx_usart.o(i.USART_SetPrescaler), (16 bytes).
    Removing stm32f0xx_usart.o(i.USART_SetReceiverTimeOut), (16 bytes).
    Removing stm32f0xx_usart.o(i.USART_SmartCardCmd), (18 bytes).
    Removing stm32f0xx_usart.o(i.USART_SmartCardNACKCmd), (18 bytes).
    Removing stm32f0xx_usart.o(i.USART_StopModeWakeUpSourceConfig), (18 bytes).
    Removing stm32f0xx_usart.o(i.USART_StructInit), (22 bytes).
    Removing stm32f0xx_wwdg.o(.rev16_text), (4 bytes).
    Removing stm32f0xx_wwdg.o(.revsh_text), (4 bytes).
    Removing stm32f0xx_wwdg.o(i.WWDG_ClearFlag), (12 bytes).
    Removing stm32f0xx_wwdg.o(i.WWDG_DeInit), (22 bytes).
    Removing stm32f0xx_wwdg.o(i.WWDG_Enable), (16 bytes).
    Removing stm32f0xx_wwdg.o(i.WWDG_EnableIT), (16 bytes).
    Removing stm32f0xx_wwdg.o(i.WWDG_GetFlagStatus), (20 bytes).
    Removing stm32f0xx_wwdg.o(i.WWDG_SetCounter), (16 bytes).
    Removing stm32f0xx_wwdg.o(i.WWDG_SetPrescaler), (20 bytes).
    Removing stm32f0xx_wwdg.o(i.WWDG_SetWindowValue), (28 bytes).
    Removing sys.o(.rev16_text), (4 bytes).
    Removing sys.o(.revsh_text), (4 bytes).
    Removing systick.o(.rev16_text), (4 bytes).
    Removing systick.o(.revsh_text), (4 bytes).
    Removing systick.o(i.delay_us), (76 bytes).
    Removing can.o(.rev16_text), (4 bytes).
    Removing can.o(.revsh_text), (4 bytes).
    Removing can.o(.bss), (20 bytes).
    Removing motor.o(.rev16_text), (4 bytes).
    Removing motor.o(.revsh_text), (4 bytes).

584 unused section(s) (total 15850 bytes) removed from the image.

==============================================================================

Image Symbol Table

    Local Symbols

    Symbol Name                              Value     Ov Type        Size  Object(Section)

    ../clib/microlib/division.c              0x00000000   Number         0  uidiv.o ABSOLUTE
    ../clib/microlib/init/entry.s            0x00000000   Number         0  entry10b.o ABSOLUTE
    ../clib/microlib/init/entry.s            0x00000000   Number         0  entry12b.o ABSOLUTE
    ../clib/microlib/init/entry.s            0x00000000   Number         0  entry12a.o ABSOLUTE
    ../clib/microlib/init/entry.s            0x00000000   Number         0  entry11b.o ABSOLUTE
    ../clib/microlib/init/entry.s            0x00000000   Number         0  entry11a.o ABSOLUTE
    ../clib/microlib/init/entry.s            0x00000000   Number         0  entry2.o ABSOLUTE
    ../clib/microlib/init/entry.s            0x00000000   Number         0  entry10a.o ABSOLUTE
    ../clib/microlib/init/entry.s            0x00000000   Number         0  entry9b.o ABSOLUTE
    ../clib/microlib/init/entry.s            0x00000000   Number         0  entry9a.o ABSOLUTE
    ../clib/microlib/init/entry.s            0x00000000   Number         0  entry8a.o ABSOLUTE
    ../clib/microlib/init/entry.s            0x00000000   Number         0  entry7b.o ABSOLUTE
    ../clib/microlib/init/entry.s            0x00000000   Number         0  entry7a.o ABSOLUTE
    ../clib/microlib/init/entry.s            0x00000000   Number         0  entry5.o ABSOLUTE
    ../clib/microlib/init/entry.s            0x00000000   Number         0  entry.o ABSOLUTE
    ../clib/microlib/init/entry.s            0x00000000   Number         0  entry8b.o ABSOLUTE
    ../clib/microlib/unhosted.c              0x00000000   Number         0  uread4.o ABSOLUTE
    ..\CORE\startup_stm32f042.s              0x00000000   Number         0  startup_stm32f042.o ABSOLUTE
    ..\HARDWARE\CAN\can.c                    0x00000000   Number         0  can.o ABSOLUTE
    ..\HARDWARE\MOTOR\motor.c                0x00000000   Number         0  motor.o ABSOLUTE
    ..\HARDWARE\SYSTICK\systick.c            0x00000000   Number         0  systick.o ABSOLUTE
    ..\Libraries\STM32F0xx_StdPeriph_Driver\src\stm32f0xx_adc.c 0x00000000   Number         0  stm32f0xx_adc.o ABSOLUTE
    ..\Libraries\STM32F0xx_StdPeriph_Driver\src\stm32f0xx_can.c 0x00000000   Number         0  stm32f0xx_can.o ABSOLUTE
    ..\Libraries\STM32F0xx_StdPeriph_Driver\src\stm32f0xx_cec.c 0x00000000   Number         0  stm32f0xx_cec.o ABSOLUTE
    ..\Libraries\STM32F0xx_StdPeriph_Driver\src\stm32f0xx_comp.c 0x00000000   Number         0  stm32f0xx_comp.o ABSOLUTE
    ..\Libraries\STM32F0xx_StdPeriph_Driver\src\stm32f0xx_crc.c 0x00000000   Number         0  stm32f0xx_crc.o ABSOLUTE
    ..\Libraries\STM32F0xx_StdPeriph_Driver\src\stm32f0xx_crs.c 0x00000000   Number         0  stm32f0xx_crs.o ABSOLUTE
    ..\Libraries\STM32F0xx_StdPeriph_Driver\src\stm32f0xx_dac.c 0x00000000   Number         0  stm32f0xx_dac.o ABSOLUTE
    ..\Libraries\STM32F0xx_StdPeriph_Driver\src\stm32f0xx_dbgmcu.c 0x00000000   Number         0  stm32f0xx_dbgmcu.o ABSOLUTE
    ..\Libraries\STM32F0xx_StdPeriph_Driver\src\stm32f0xx_dma.c 0x00000000   Number         0  stm32f0xx_dma.o ABSOLUTE
    ..\Libraries\STM32F0xx_StdPeriph_Driver\src\stm32f0xx_exti.c 0x00000000   Number         0  stm32f0xx_exti.o ABSOLUTE
    ..\Libraries\STM32F0xx_StdPeriph_Driver\src\stm32f0xx_flash.c 0x00000000   Number         0  stm32f0xx_flash.o ABSOLUTE
    ..\Libraries\STM32F0xx_StdPeriph_Driver\src\stm32f0xx_gpio.c 0x00000000   Number         0  stm32f0xx_gpio.o ABSOLUTE
    ..\Libraries\STM32F0xx_StdPeriph_Driver\src\stm32f0xx_i2c.c 0x00000000   Number         0  stm32f0xx_i2c.o ABSOLUTE
    ..\Libraries\STM32F0xx_StdPeriph_Driver\src\stm32f0xx_iwdg.c 0x00000000   Number         0  stm32f0xx_iwdg.o ABSOLUTE
    ..\Libraries\STM32F0xx_StdPeriph_Driver\src\stm32f0xx_misc.c 0x00000000   Number         0  stm32f0xx_misc.o ABSOLUTE
    ..\Libraries\STM32F0xx_StdPeriph_Driver\src\stm32f0xx_pwr.c 0x00000000   Number         0  stm32f0xx_pwr.o ABSOLUTE
    ..\Libraries\STM32F0xx_StdPeriph_Driver\src\stm32f0xx_rcc.c 0x00000000   Number         0  stm32f0xx_rcc.o ABSOLUTE
    ..\Libraries\STM32F0xx_StdPeriph_Driver\src\stm32f0xx_rtc.c 0x00000000   Number         0  stm32f0xx_rtc.o ABSOLUTE
    ..\Libraries\STM32F0xx_StdPeriph_Driver\src\stm32f0xx_spi.c 0x00000000   Number         0  stm32f0xx_spi.o ABSOLUTE
    ..\Libraries\STM32F0xx_StdPeriph_Driver\src\stm32f0xx_syscfg.c 0x00000000   Number         0  stm32f0xx_syscfg.o ABSOLUTE
    ..\Libraries\STM32F0xx_StdPeriph_Driver\src\stm32f0xx_tim.c 0x00000000   Number         0  stm32f0xx_tim.o ABSOLUTE
    ..\Libraries\STM32F0xx_StdPeriph_Driver\src\stm32f0xx_usart.c 0x00000000   Number         0  stm32f0xx_usart.o ABSOLUTE
    ..\Libraries\STM32F0xx_StdPeriph_Driver\src\stm32f0xx_wwdg.c 0x00000000   Number         0  stm32f0xx_wwdg.o ABSOLUTE
    ..\SYSTEM\sys.c                          0x00000000   Number         0  sys.o ABSOLUTE
    ..\USR\main.c                            0x00000000   Number         0  main.o ABSOLUTE
    ..\USR\stm32f0xx_it.c                    0x00000000   Number         0  stm32f0xx_it.o ABSOLUTE
    ..\USR\system_stm32f0xx.c                0x00000000   Number         0  system_stm32f0xx.o ABSOLUTE
    ..\\HARDWARE\\CAN\\can.c                 0x00000000   Number         0  can.o ABSOLUTE
    ..\\HARDWARE\\MOTOR\\motor.c             0x00000000   Number         0  motor.o ABSOLUTE
    ..\\HARDWARE\\SYSTICK\\systick.c         0x00000000   Number         0  systick.o ABSOLUTE
    ..\\Libraries\\STM32F0xx_StdPeriph_Driver\\src\\stm32f0xx_adc.c 0x00000000   Number         0  stm32f0xx_adc.o ABSOLUTE
    ..\\Libraries\\STM32F0xx_StdPeriph_Driver\\src\\stm32f0xx_can.c 0x00000000   Number         0  stm32f0xx_can.o ABSOLUTE
    ..\\Libraries\\STM32F0xx_StdPeriph_Driver\\src\\stm32f0xx_cec.c 0x00000000   Number         0  stm32f0xx_cec.o ABSOLUTE
    ..\\Libraries\\STM32F0xx_StdPeriph_Driver\\src\\stm32f0xx_comp.c 0x00000000   Number         0  stm32f0xx_comp.o ABSOLUTE
    ..\\Libraries\\STM32F0xx_StdPeriph_Driver\\src\\stm32f0xx_crc.c 0x00000000   Number         0  stm32f0xx_crc.o ABSOLUTE
    ..\\Libraries\\STM32F0xx_StdPeriph_Driver\\src\\stm32f0xx_crs.c 0x00000000   Number         0  stm32f0xx_crs.o ABSOLUTE
    ..\\Libraries\\STM32F0xx_StdPeriph_Driver\\src\\stm32f0xx_dac.c 0x00000000   Number         0  stm32f0xx_dac.o ABSOLUTE
    ..\\Libraries\\STM32F0xx_StdPeriph_Driver\\src\\stm32f0xx_dbgmcu.c 0x00000000   Number         0  stm32f0xx_dbgmcu.o ABSOLUTE
    ..\\Libraries\\STM32F0xx_StdPeriph_Driver\\src\\stm32f0xx_dma.c 0x00000000   Number         0  stm32f0xx_dma.o ABSOLUTE
    ..\\Libraries\\STM32F0xx_StdPeriph_Driver\\src\\stm32f0xx_exti.c 0x00000000   Number         0  stm32f0xx_exti.o ABSOLUTE
    ..\\Libraries\\STM32F0xx_StdPeriph_Driver\\src\\stm32f0xx_flash.c 0x00000000   Number         0  stm32f0xx_flash.o ABSOLUTE
    ..\\Libraries\\STM32F0xx_StdPeriph_Driver\\src\\stm32f0xx_gpio.c 0x00000000   Number         0  stm32f0xx_gpio.o ABSOLUTE
    ..\\Libraries\\STM32F0xx_StdPeriph_Driver\\src\\stm32f0xx_i2c.c 0x00000000   Number         0  stm32f0xx_i2c.o ABSOLUTE
    ..\\Libraries\\STM32F0xx_StdPeriph_Driver\\src\\stm32f0xx_iwdg.c 0x00000000   Number         0  stm32f0xx_iwdg.o ABSOLUTE
    ..\\Libraries\\STM32F0xx_StdPeriph_Driver\\src\\stm32f0xx_misc.c 0x00000000   Number         0  stm32f0xx_misc.o ABSOLUTE
    ..\\Libraries\\STM32F0xx_StdPeriph_Driver\\src\\stm32f0xx_pwr.c 0x00000000   Number         0  stm32f0xx_pwr.o ABSOLUTE
    ..\\Libraries\\STM32F0xx_StdPeriph_Driver\\src\\stm32f0xx_rcc.c 0x00000000   Number         0  stm32f0xx_rcc.o ABSOLUTE
    ..\\Libraries\\STM32F0xx_StdPeriph_Driver\\src\\stm32f0xx_rtc.c 0x00000000   Number         0  stm32f0xx_rtc.o ABSOLUTE
    ..\\Libraries\\STM32F0xx_StdPeriph_Driver\\src\\stm32f0xx_spi.c 0x00000000   Number         0  stm32f0xx_spi.o ABSOLUTE
    ..\\Libraries\\STM32F0xx_StdPeriph_Driver\\src\\stm32f0xx_syscfg.c 0x00000000   Number         0  stm32f0xx_syscfg.o ABSOLUTE
    ..\\Libraries\\STM32F0xx_StdPeriph_Driver\\src\\stm32f0xx_tim.c 0x00000000   Number         0  stm32f0xx_tim.o ABSOLUTE
    ..\\Libraries\\STM32F0xx_StdPeriph_Driver\\src\\stm32f0xx_usart.c 0x00000000   Number         0  stm32f0xx_usart.o ABSOLUTE
    ..\\Libraries\\STM32F0xx_StdPeriph_Driver\\src\\stm32f0xx_wwdg.c 0x00000000   Number         0  stm32f0xx_wwdg.o ABSOLUTE
    ..\\SYSTEM\\sys.c                        0x00000000   Number         0  sys.o ABSOLUTE
    ..\\USR\\main.c                          0x00000000   Number         0  main.o ABSOLUTE
    ..\\USR\\stm32f0xx_it.c                  0x00000000   Number         0  stm32f0xx_it.o ABSOLUTE
    ..\\USR\\system_stm32f0xx.c              0x00000000   Number         0  system_stm32f0xx.o ABSOLUTE
    dc.s                                     0x00000000   Number         0  dc.o ABSOLUTE
    handlers.s                               0x00000000   Number         0  handlers.o ABSOLUTE
    init.s                                   0x00000000   Number         0  init.o ABSOLUTE
    RESET                                    0x08000000   Section      192  startup_stm32f042.o(RESET)
    .ARM.Collect$$$$00000000                 0x080000c0   Section        0  entry.o(.ARM.Collect$$$$00000000)
    .ARM.Collect$$$$00000001                 0x080000c0   Section        4  entry2.o(.ARM.Collect$$$$00000001)
    .ARM.Collect$$$$00000004                 0x080000c4   Section        4  entry5.o(.ARM.Collect$$$$00000004)
    .ARM.Collect$$$$00000008                 0x080000c8   Section        0  entry7b.o(.ARM.Collect$$$$00000008)
    .ARM.Collect$$$$0000000A                 0x080000c8   Section        0  entry8b.o(.ARM.Collect$$$$0000000A)
    .ARM.Collect$$$$0000000B                 0x080000c8   Section        8  entry9a.o(.ARM.Collect$$$$0000000B)
    .ARM.Collect$$$$0000000E                 0x080000d0   Section        4  entry12b.o(.ARM.Collect$$$$0000000E)
    .ARM.Collect$$$$0000000F                 0x080000d4   Section        0  entry10a.o(.ARM.Collect$$$$0000000F)
    .ARM.Collect$$$$00000011                 0x080000d4   Section        0  entry11a.o(.ARM.Collect$$$$00000011)
    .ARM.Collect$$$$00002712                 0x080000d4   Section        4  entry2.o(.ARM.Collect$$$$00002712)
    __lit__00000000                          0x080000d4   Data           4  entry2.o(.ARM.Collect$$$$00002712)
    .text                                    0x080000d8   Section       88  startup_stm32f042.o(.text)
    .text                                    0x08000130   Section        0  uidiv.o(.text)
    .text                                    0x0800015c   Section        0  uread4.o(.text)
    .text                                    0x08000170   Section       36  init.o(.text)
    i.CAN_ClearITPendingBit                  0x08000194   Section        0  stm32f0xx_can.o(i.CAN_ClearITPendingBit)
    i.CAN_Config                             0x0800021c   Section        0  can.o(i.CAN_Config)
    i.CAN_DeInit                             0x08000300   Section        0  stm32f0xx_can.o(i.CAN_DeInit)
    i.CAN_FIFORelease                        0x08000316   Section        0  stm32f0xx_can.o(i.CAN_FIFORelease)
    i.CAN_FilterInit                         0x0800032c   Section        0  stm32f0xx_can.o(i.CAN_FilterInit)
    i.CAN_GetITStatus                        0x080003e8   Section        0  stm32f0xx_can.o(i.CAN_GetITStatus)
    i.CAN_ITConfig                           0x080004a0   Section        0  stm32f0xx_can.o(i.CAN_ITConfig)
    i.CAN_Init                               0x080004b0   Section        0  stm32f0xx_can.o(i.CAN_Init)
    i.CAN_Receive                            0x08000590   Section        0  stm32f0xx_can.o(i.CAN_Receive)
    i.CAN_StructInit                         0x08000608   Section        0  stm32f0xx_can.o(i.CAN_StructInit)
    i.CAN_Transmit                           0x08000628   Section        0  stm32f0xx_can.o(i.CAN_Transmit)
    i.CAN_TransmitStatus                     0x080006c8   Section        0  stm32f0xx_can.o(i.CAN_TransmitStatus)
    i.CEC_CAN_IRQHandler                     0x08000740   Section        0  stm32f0xx_it.o(i.CEC_CAN_IRQHandler)
    i.CheckITStatus                          0x080007d0   Section        0  stm32f0xx_can.o(i.CheckITStatus)
    CheckITStatus                            0x080007d1   Thumb Code    12  stm32f0xx_can.o(i.CheckITStatus)
    i.GPIO_Init                              0x080007dc   Section        0  stm32f0xx_gpio.o(i.GPIO_Init)
    i.GPIO_PinAFConfig                       0x0800084c   Section        0  stm32f0xx_gpio.o(i.GPIO_PinAFConfig)
    i.GPIO_WriteBit                          0x0800086c   Section        0  stm32f0xx_gpio.o(i.GPIO_WriteBit)
    i.HardFault_Handler                      0x08000878   Section        0  stm32f0xx_it.o(i.HardFault_Handler)
    i.NMI_Handler                            0x0800087a   Section        0  stm32f0xx_it.o(i.NMI_Handler)
    i.NVIC_Init                              0x0800087c   Section        0  stm32f0xx_misc.o(i.NVIC_Init)
    i.PWM2_Config                            0x080008cc   Section        0  main.o(i.PWM2_Config)
    i.PendSV_Handler                         0x08000962   Section        0  stm32f0xx_it.o(i.PendSV_Handler)
    i.RCC_AHBPeriphClockCmd                  0x08000964   Section        0  stm32f0xx_rcc.o(i.RCC_AHBPeriphClockCmd)
    i.RCC_APB1PeriphClockCmd                 0x0800097c   Section        0  stm32f0xx_rcc.o(i.RCC_APB1PeriphClockCmd)
    i.RCC_APB1PeriphResetCmd                 0x08000994   Section        0  stm32f0xx_rcc.o(i.RCC_APB1PeriphResetCmd)
    i.RCC_APB2PeriphClockCmd                 0x080009ac   Section        0  stm32f0xx_rcc.o(i.RCC_APB2PeriphClockCmd)
    i.SVC_Handler                            0x080009c4   Section        0  stm32f0xx_it.o(i.SVC_Handler)
    i.SetSysClock                            0x080009c8   Section        0  system_stm32f0xx.o(i.SetSysClock)
    SetSysClock                              0x080009c9   Thumb Code   142  system_stm32f0xx.o(i.SetSysClock)
    i.SysTick_Handler                        0x08000a60   Section        0  stm32f0xx_it.o(i.SysTick_Handler)
    i.SystemInit                             0x08000a64   Section        0  system_stm32f0xx.o(i.SystemInit)
    i.TIM_Cmd                                0x08000ac4   Section        0  stm32f0xx_tim.o(i.TIM_Cmd)
    i.TIM_CtrlPWMOutputs                     0x08000ad8   Section        0  stm32f0xx_tim.o(i.TIM_CtrlPWMOutputs)
    i.TIM_OC2Init                            0x08000af0   Section        0  stm32f0xx_tim.o(i.TIM_OC2Init)
    i.TIM_SetCompare2                        0x08000b80   Section        0  stm32f0xx_tim.o(i.TIM_SetCompare2)
    i.TIM_TimeBaseInit                       0x08000b84   Section        0  stm32f0xx_tim.o(i.TIM_TimeBaseInit)
    i.__ARM_common_switch8                   0x08000bf8   Section        0  main.o(i.__ARM_common_switch8)
    i.__scatterload_copy                     0x08000c12   Section       14  handlers.o(i.__scatterload_copy)
    i.__scatterload_null                     0x08000c20   Section        2  handlers.o(i.__scatterload_null)
    i.__scatterload_zeroinit                 0x08000c22   Section       14  handlers.o(i.__scatterload_zeroinit)
    i.delay_ms                               0x08000c30   Section        0  systick.o(i.delay_ms)
    i.led_gpio_init                          0x08000c7c   Section        0  motor.o(i.led_gpio_init)
    i.main                                   0x08000cb4   Section        0  main.o(i.main)
    i.motor1_back                            0x08000e38   Section        0  motor.o(i.motor1_back)
    i.motor1_forward                         0x08000e54   Section        0  motor.o(i.motor1_forward)
    i.motor1_stop                            0x08000e70   Section        0  motor.o(i.motor1_stop)
    i.motor2_back                            0x08000e8c   Section        0  motor.o(i.motor2_back)
    i.motor2_forward                         0x08000ea8   Section        0  motor.o(i.motor2_forward)
    i.motor2_stop                            0x08000ec4   Section        0  motor.o(i.motor2_stop)
    i.motor_gpio_init                        0x08000ee0   Section        0  motor.o(i.motor_gpio_init)
    .data                                    0x20000000   Section        6  main.o(.data)
    .data                                    0x20000008   Section       20  system_stm32f0xx.o(.data)
    .data                                    0x2000001c   Section        1  can.o(.data)
    .data                                    0x20000020   Section        4  can.o(.data)
    .bss                                     0x20000024   Section       20  can.o(.bss)
    .bss                                     0x20000038   Section      255  can.o(.bss)
    STACK                                    0x20000138   Section     1024  startup_stm32f042.o(STACK)

    Global Symbols

    Symbol Name                              Value     Ov Type        Size  Object(Section)

    BuildAttributes$$THM_ISAv3M$S$PE$A:L22$X:L11$S22$IEEE1$IW$USESV6$~STKCKD$USESV7$~SHL$OSPACE$EBA8$MICROLIB$REQ8$PRES8$EABIv2 0x00000000   Number         0  anon$$obj.o ABSOLUTE
    __ARM_use_no_argv                        0x00000000   Number         0  main.o ABSOLUTE
    __arm_fini_                               - Undefined Weak Reference
    __cpp_initialize__aeabi_                  - Undefined Weak Reference
    __cxa_finalize                            - Undefined Weak Reference
    __decompress                              - Undefined Weak Reference
    _clock_init                               - Undefined Weak Reference
    _microlib_exit                            - Undefined Weak Reference
    __Vectors_Size                           0x000000c0   Number         0  startup_stm32f042.o ABSOLUTE
    __Vectors                                0x08000000   Data           4  startup_stm32f042.o(RESET)
    __Vectors_End                            0x080000c0   Data           0  startup_stm32f042.o(RESET)
    __main                                   0x080000c1   Thumb Code     0  entry.o(.ARM.Collect$$$$00000000)
    _main_stk                                0x080000c1   Thumb Code     0  entry2.o(.ARM.Collect$$$$00000001)
    _main_scatterload                        0x080000c5   Thumb Code     0  entry5.o(.ARM.Collect$$$$00000004)
    __main_after_scatterload                 0x080000c9   Thumb Code     0  entry5.o(.ARM.Collect$$$$00000004)
    _main_clock                              0x080000c9   Thumb Code     0  entry7b.o(.ARM.Collect$$$$00000008)
    _main_cpp_init                           0x080000c9   Thumb Code     0  entry8b.o(.ARM.Collect$$$$0000000A)
    _main_init                               0x080000c9   Thumb Code     0  entry9a.o(.ARM.Collect$$$$0000000B)
    __rt_lib_shutdown_fini                   0x080000d1   Thumb Code     0  entry12b.o(.ARM.Collect$$$$0000000E)
    __rt_final_cpp                           0x080000d5   Thumb Code     0  entry10a.o(.ARM.Collect$$$$0000000F)
    __rt_final_exit                          0x080000d5   Thumb Code     0  entry11a.o(.ARM.Collect$$$$00000011)
    Reset_Handler                            0x080000d9   Thumb Code    38  startup_stm32f042.o(.text)
    ADC1_IRQHandler                          0x08000109   Thumb Code     0  startup_stm32f042.o(.text)
    DMA1_Channel1_IRQHandler                 0x08000109   Thumb Code     0  startup_stm32f042.o(.text)
    DMA1_Channel2_3_IRQHandler               0x08000109   Thumb Code     0  startup_stm32f042.o(.text)
    DMA1_Channel4_5_IRQHandler               0x08000109   Thumb Code     0  startup_stm32f042.o(.text)
    EXTI0_1_IRQHandler                       0x08000109   Thumb Code     0  startup_stm32f042.o(.text)
    EXTI2_3_IRQHandler                       0x08000109   Thumb Code     0  startup_stm32f042.o(.text)
    EXTI4_15_IRQHandler                      0x08000109   Thumb Code     0  startup_stm32f042.o(.text)
    FLASH_IRQHandler                         0x08000109   Thumb Code     0  startup_stm32f042.o(.text)
    I2C1_IRQHandler                          0x08000109   Thumb Code     0  startup_stm32f042.o(.text)
    PVD_VDDIO2_IRQHandler                    0x08000109   Thumb Code     0  startup_stm32f042.o(.text)
    RCC_CRS_IRQHandler                       0x08000109   Thumb Code     0  startup_stm32f042.o(.text)
    RTC_IRQHandler                           0x08000109   Thumb Code     0  startup_stm32f042.o(.text)
    SPI1_IRQHandler                          0x08000109   Thumb Code     0  startup_stm32f042.o(.text)
    SPI2_IRQHandler                          0x08000109   Thumb Code     0  startup_stm32f042.o(.text)
    TIM14_IRQHandler                         0x08000109   Thumb Code     0  startup_stm32f042.o(.text)
    TIM16_IRQHandler                         0x08000109   Thumb Code     0  startup_stm32f042.o(.text)
    TIM17_IRQHandler                         0x08000109   Thumb Code     0  startup_stm32f042.o(.text)
    TIM1_BRK_UP_TRG_COM_IRQHandler           0x08000109   Thumb Code     0  startup_stm32f042.o(.text)
    TIM1_CC_IRQHandler                       0x08000109   Thumb Code     0  startup_stm32f042.o(.text)
    TIM2_IRQHandler                          0x08000109   Thumb Code     0  startup_stm32f042.o(.text)
    TIM3_IRQHandler                          0x08000109   Thumb Code     0  startup_stm32f042.o(.text)
    TSC_IRQHandler                           0x08000109   Thumb Code     0  startup_stm32f042.o(.text)
    USART1_IRQHandler                        0x08000109   Thumb Code     0  startup_stm32f042.o(.text)
    USART2_IRQHandler                        0x08000109   Thumb Code     0  startup_stm32f042.o(.text)
    USB_IRQHandler                           0x08000109   Thumb Code     0  startup_stm32f042.o(.text)
    WWDG_IRQHandler                          0x08000109   Thumb Code     0  startup_stm32f042.o(.text)
    __aeabi_uidiv                            0x08000131   Thumb Code     0  uidiv.o(.text)
    __aeabi_uidivmod                         0x08000131   Thumb Code    44  uidiv.o(.text)
    __aeabi_uread4                           0x0800015d   Thumb Code    20  uread4.o(.text)
    __rt_uread4                              0x0800015d   Thumb Code     0  uread4.o(.text)
    _uread4                                  0x0800015d   Thumb Code     0  uread4.o(.text)
    __scatterload                            0x08000171   Thumb Code    28  init.o(.text)
    __scatterload_rt2                        0x08000171   Thumb Code     0  init.o(.text)
    CAN_ClearITPendingBit                    0x08000195   Thumb Code   132  stm32f0xx_can.o(i.CAN_ClearITPendingBit)
    CAN_Config                               0x0800021d   Thumb Code   210  can.o(i.CAN_Config)
    CAN_DeInit                               0x08000301   Thumb Code    22  stm32f0xx_can.o(i.CAN_DeInit)
    CAN_FIFORelease                          0x08000317   Thumb Code    22  stm32f0xx_can.o(i.CAN_FIFORelease)
    CAN_FilterInit                           0x0800032d   Thumb Code   182  stm32f0xx_can.o(i.CAN_FilterInit)
    CAN_GetITStatus                          0x080003e9   Thumb Code   180  stm32f0xx_can.o(i.CAN_GetITStatus)
    CAN_ITConfig                             0x080004a1   Thumb Code    16  stm32f0xx_can.o(i.CAN_ITConfig)
    CAN_Init                                 0x080004b1   Thumb Code   218  stm32f0xx_can.o(i.CAN_Init)
    CAN_Receive                              0x08000591   Thumb Code   120  stm32f0xx_can.o(i.CAN_Receive)
    CAN_StructInit                           0x08000609   Thumb Code    32  stm32f0xx_can.o(i.CAN_StructInit)
    CAN_Transmit                             0x08000629   Thumb Code   160  stm32f0xx_can.o(i.CAN_Transmit)
    CAN_TransmitStatus                       0x080006c9   Thumb Code    94  stm32f0xx_can.o(i.CAN_TransmitStatus)
    CEC_CAN_IRQHandler                       0x08000741   Thumb Code   124  stm32f0xx_it.o(i.CEC_CAN_IRQHandler)
    GPIO_Init                                0x080007dd   Thumb Code   112  stm32f0xx_gpio.o(i.GPIO_Init)
    GPIO_PinAFConfig                         0x0800084d   Thumb Code    32  stm32f0xx_gpio.o(i.GPIO_PinAFConfig)
    GPIO_WriteBit                            0x0800086d   Thumb Code    12  stm32f0xx_gpio.o(i.GPIO_WriteBit)
    HardFault_Handler                        0x08000879   Thumb Code     2  stm32f0xx_it.o(i.HardFault_Handler)
    NMI_Handler                              0x0800087b   Thumb Code     2  stm32f0xx_it.o(i.NMI_Handler)
    NVIC_Init                                0x0800087d   Thumb Code    70  stm32f0xx_misc.o(i.NVIC_Init)
    PWM2_Config                              0x080008cd   Thumb Code   150  main.o(i.PWM2_Config)
    PendSV_Handler                           0x08000963   Thumb Code     2  stm32f0xx_it.o(i.PendSV_Handler)
    RCC_AHBPeriphClockCmd                    0x08000965   Thumb Code    18  stm32f0xx_rcc.o(i.RCC_AHBPeriphClockCmd)
    RCC_APB1PeriphClockCmd                   0x0800097d   Thumb Code    18  stm32f0xx_rcc.o(i.RCC_APB1PeriphClockCmd)
    RCC_APB1PeriphResetCmd                   0x08000995   Thumb Code    18  stm32f0xx_rcc.o(i.RCC_APB1PeriphResetCmd)
    RCC_APB2PeriphClockCmd                   0x080009ad   Thumb Code    18  stm32f0xx_rcc.o(i.RCC_APB2PeriphClockCmd)
    SVC_Handler                              0x080009c5   Thumb Code     2  stm32f0xx_it.o(i.SVC_Handler)
    SysTick_Handler                          0x08000a61   Thumb Code     2  stm32f0xx_it.o(i.SysTick_Handler)
    SystemInit                               0x08000a65   Thumb Code    84  system_stm32f0xx.o(i.SystemInit)
    TIM_Cmd                                  0x08000ac5   Thumb Code    20  stm32f0xx_tim.o(i.TIM_Cmd)
    TIM_CtrlPWMOutputs                       0x08000ad9   Thumb Code    24  stm32f0xx_tim.o(i.TIM_CtrlPWMOutputs)
    TIM_OC2Init                              0x08000af1   Thumb Code   124  stm32f0xx_tim.o(i.TIM_OC2Init)
    TIM_SetCompare2                          0x08000b81   Thumb Code     4  stm32f0xx_tim.o(i.TIM_SetCompare2)
    TIM_TimeBaseInit                         0x08000b85   Thumb Code    88  stm32f0xx_tim.o(i.TIM_TimeBaseInit)
    __ARM_common_switch8                     0x08000bf9   Thumb Code    26  main.o(i.__ARM_common_switch8)
    __scatterload_copy                       0x08000c13   Thumb Code    14  handlers.o(i.__scatterload_copy)
    __scatterload_null                       0x08000c21   Thumb Code     2  handlers.o(i.__scatterload_null)
    __scatterload_zeroinit                   0x08000c23   Thumb Code    14  handlers.o(i.__scatterload_zeroinit)
    delay_ms                                 0x08000c31   Thumb Code    66  systick.o(i.delay_ms)
    led_gpio_init                            0x08000c7d   Thumb Code    50  motor.o(i.led_gpio_init)
    main                                     0x08000cb5   Thumb Code   362  main.o(i.main)
    motor1_back                              0x08000e39   Thumb Code    28  motor.o(i.motor1_back)
    motor1_forward                           0x08000e55   Thumb Code    28  motor.o(i.motor1_forward)
    motor1_stop                              0x08000e71   Thumb Code    28  motor.o(i.motor1_stop)
    motor2_back                              0x08000e8d   Thumb Code    28  motor.o(i.motor2_back)
    motor2_forward                           0x08000ea9   Thumb Code    28  motor.o(i.motor2_forward)
    motor2_stop                              0x08000ec5   Thumb Code    28  motor.o(i.motor2_stop)
    motor_gpio_init                          0x08000ee1   Thumb Code    52  motor.o(i.motor_gpio_init)
    Region$$Table$$Base                      0x08000f14   Number         0  anon$$obj.o(Region$$Table)
    Region$$Table$$Limit                     0x08000f34   Number         0  anon$$obj.o(Region$$Table)
    can_recv_flag                            0x20000000   Data           1  main.o(.data)
    mbox                                     0x20000001   Data           1  main.o(.data)
    i                                        0x20000002   Data           2  main.o(.data)
    j                                        0x20000004   Data           2  main.o(.data)
    SystemCoreClock                          0x20000008   Data           4  system_stm32f0xx.o(.data)
    AHBPrescTable                            0x2000000c   Data          16  system_stm32f0xx.o(.data)
    Receive_Buffer_Len                       0x2000001c   Data           1  can.o(.data)
    pReceiveBuffer                           0x20000020   Data           4  can.o(.data)
    TxMessage                                0x20000024   Data          20  can.o(.bss)
    ReceiveBuffer                            0x20000038   Data         255  can.o(.bss)
    __initial_sp                             0x20000538   Data           0  startup_stm32f042.o(STACK)



==============================================================================

Memory Map of the image

  Image Entry point : 0x080000c1

  Load Region LR_IROM1 (Base: 0x08000000, Size: 0x00000f58, Max: 0x00004000, ABSOLUTE)

    Execution Region ER_IROM1 (Exec base: 0x08000000, Load base: 0x08000000, Size: 0x00000f34, Max: 0x00004000, ABSOLUTE)

    Exec Addr    Load Addr    Size         Type   Attr      Idx    E Section Name        Object

    0x08000000   0x08000000   0x000000c0   Data   RO            3    RESET               startup_stm32f042.o
    0x080000c0   0x080000c0   0x00000000   Code   RO         3951  * .ARM.Collect$$$$00000000  mc_p.l(entry.o)
    0x080000c0   0x080000c0   0x00000004   Code   RO         3958    .ARM.Collect$$$$00000001  mc_p.l(entry2.o)
    0x080000c4   0x080000c4   0x00000004   Code   RO         3961    .ARM.Collect$$$$00000004  mc_p.l(entry5.o)
    0x080000c8   0x080000c8   0x00000000   Code   RO         3963    .ARM.Collect$$$$00000008  mc_p.l(entry7b.o)
    0x080000c8   0x080000c8   0x00000000   Code   RO         3965    .ARM.Collect$$$$0000000A  mc_p.l(entry8b.o)
    0x080000c8   0x080000c8   0x00000008   Code   RO         3966    .ARM.Collect$$$$0000000B  mc_p.l(entry9a.o)
    0x080000d0   0x080000d0   0x00000004   Code   RO         3973    .ARM.Collect$$$$0000000E  mc_p.l(entry12b.o)
    0x080000d4   0x080000d4   0x00000000   Code   RO         3968    .ARM.Collect$$$$0000000F  mc_p.l(entry10a.o)
    0x080000d4   0x080000d4   0x00000000   Code   RO         3970    .ARM.Collect$$$$00000011  mc_p.l(entry11a.o)
    0x080000d4   0x080000d4   0x00000004   Code   RO         3959    .ARM.Collect$$$$00002712  mc_p.l(entry2.o)
    0x080000d8   0x080000d8   0x00000058   Code   RO            4    .text               startup_stm32f042.o
    0x08000130   0x08000130   0x0000002c   Code   RO         3954    .text               mc_p.l(uidiv.o)
    0x0800015c   0x0800015c   0x00000014   Code   RO         3956    .text               mc_p.l(uread4.o)
    0x08000170   0x08000170   0x00000024   Code   RO         3974    .text               mc_p.l(init.o)
    0x08000194   0x08000194   0x00000088   Code   RO          445    i.CAN_ClearITPendingBit  stm32f0xx_can.o
    0x0800021c   0x0800021c   0x000000e4   Code   RO         3860    i.CAN_Config        can.o
    0x08000300   0x08000300   0x00000016   Code   RO          447    i.CAN_DeInit        stm32f0xx_can.o
    0x08000316   0x08000316   0x00000016   Code   RO          448    i.CAN_FIFORelease   stm32f0xx_can.o
    0x0800032c   0x0800032c   0x000000bc   Code   RO          449    i.CAN_FilterInit    stm32f0xx_can.o
    0x080003e8   0x080003e8   0x000000b8   Code   RO          451    i.CAN_GetITStatus   stm32f0xx_can.o
    0x080004a0   0x080004a0   0x00000010   Code   RO          455    i.CAN_ITConfig      stm32f0xx_can.o
    0x080004b0   0x080004b0   0x000000e0   Code   RO          456    i.CAN_Init          stm32f0xx_can.o
    0x08000590   0x08000590   0x00000078   Code   RO          459    i.CAN_Receive       stm32f0xx_can.o
    0x08000608   0x08000608   0x00000020   Code   RO          462    i.CAN_StructInit    stm32f0xx_can.o
    0x08000628   0x08000628   0x000000a0   Code   RO          464    i.CAN_Transmit      stm32f0xx_can.o
    0x080006c8   0x080006c8   0x00000078   Code   RO          465    i.CAN_TransmitStatus  stm32f0xx_can.o
    0x08000740   0x08000740   0x00000090   Code   RO          152    i.CEC_CAN_IRQHandler  stm32f0xx_it.o
    0x080007d0   0x080007d0   0x0000000c   Code   RO          467    i.CheckITStatus     stm32f0xx_can.o
    0x080007dc   0x080007dc   0x00000070   Code   RO         1512    i.GPIO_Init         stm32f0xx_gpio.o
    0x0800084c   0x0800084c   0x00000020   Code   RO         1513    i.GPIO_PinAFConfig  stm32f0xx_gpio.o
    0x0800086c   0x0800086c   0x0000000c   Code   RO         1523    i.GPIO_WriteBit     stm32f0xx_gpio.o
    0x08000878   0x08000878   0x00000002   Code   RO          153    i.HardFault_Handler  stm32f0xx_it.o
    0x0800087a   0x0800087a   0x00000002   Code   RO          154    i.NMI_Handler       stm32f0xx_it.o
    0x0800087c   0x0800087c   0x00000050   Code   RO         1925    i.NVIC_Init         stm32f0xx_misc.o
    0x080008cc   0x080008cc   0x00000096   Code   RO           12    i.PWM2_Config       main.o
    0x08000962   0x08000962   0x00000002   Code   RO          155    i.PendSV_Handler    stm32f0xx_it.o
    0x08000964   0x08000964   0x00000018   Code   RO         2032    i.RCC_AHBPeriphClockCmd  stm32f0xx_rcc.o
    0x0800097c   0x0800097c   0x00000018   Code   RO         2034    i.RCC_APB1PeriphClockCmd  stm32f0xx_rcc.o
    0x08000994   0x08000994   0x00000018   Code   RO         2035    i.RCC_APB1PeriphResetCmd  stm32f0xx_rcc.o
    0x080009ac   0x080009ac   0x00000018   Code   RO         2036    i.RCC_APB2PeriphClockCmd  stm32f0xx_rcc.o
    0x080009c4   0x080009c4   0x00000002   Code   RO          156    i.SVC_Handler       stm32f0xx_it.o
    0x080009c6   0x080009c6   0x00000002   PAD
    0x080009c8   0x080009c8   0x00000098   Code   RO          212    i.SetSysClock       system_stm32f0xx.o
    0x08000a60   0x08000a60   0x00000002   Code   RO          157    i.SysTick_Handler   stm32f0xx_it.o
    0x08000a62   0x08000a62   0x00000002   PAD
    0x08000a64   0x08000a64   0x00000060   Code   RO          214    i.SystemInit        system_stm32f0xx.o
    0x08000ac4   0x08000ac4   0x00000014   Code   RO         2911    i.TIM_Cmd           stm32f0xx_tim.o
    0x08000ad8   0x08000ad8   0x00000018   Code   RO         2913    i.TIM_CtrlPWMOutputs  stm32f0xx_tim.o
    0x08000af0   0x08000af0   0x00000090   Code   RO         2945    i.TIM_OC2Init       stm32f0xx_tim.o
    0x08000b80   0x08000b80   0x00000004   Code   RO         2975    i.TIM_SetCompare2   stm32f0xx_tim.o
    0x08000b84   0x08000b84   0x00000074   Code   RO         2984    i.TIM_TimeBaseInit  stm32f0xx_tim.o
    0x08000bf8   0x08000bf8   0x0000001a   Code   RO           37    i.__ARM_common_switch8  main.o
    0x08000c12   0x08000c12   0x0000000e   Code   RO         3978    i.__scatterload_copy  mc_p.l(handlers.o)
    0x08000c20   0x08000c20   0x00000002   Code   RO         3979    i.__scatterload_null  mc_p.l(handlers.o)
    0x08000c22   0x08000c22   0x0000000e   Code   RO         3980    i.__scatterload_zeroinit  mc_p.l(handlers.o)
    0x08000c30   0x08000c30   0x0000004c   Code   RO         3834    i.delay_ms          systick.o
    0x08000c7c   0x08000c7c   0x00000038   Code   RO         3891    i.led_gpio_init     motor.o
    0x08000cb4   0x08000cb4   0x00000184   Code   RO           13    i.main              main.o
    0x08000e38   0x08000e38   0x0000001c   Code   RO         3892    i.motor1_back       motor.o
    0x08000e54   0x08000e54   0x0000001c   Code   RO         3893    i.motor1_forward    motor.o
    0x08000e70   0x08000e70   0x0000001c   Code   RO         3894    i.motor1_stop       motor.o
    0x08000e8c   0x08000e8c   0x0000001c   Code   RO         3895    i.motor2_back       motor.o
    0x08000ea8   0x08000ea8   0x0000001c   Code   RO         3896    i.motor2_forward    motor.o
    0x08000ec4   0x08000ec4   0x0000001c   Code   RO         3897    i.motor2_stop       motor.o
    0x08000ee0   0x08000ee0   0x00000034   Code   RO         3898    i.motor_gpio_init   motor.o
    0x08000f14   0x08000f14   0x00000020   Data   RO         3976    Region$$Table       anon$$obj.o


    Execution Region RW_IRAM1 (Exec base: 0x20000000, Load base: 0x08000f34, Size: 0x00000538, Max: 0x00001800, ABSOLUTE)

    Exec Addr    Load Addr    Size         Type   Attr      Idx    E Section Name        Object

    0x20000000   0x08000f34   0x00000006   Data   RW           14    .data               main.o
    0x20000006   0x08000f3a   0x00000002   PAD
    0x20000008   0x08000f3c   0x00000014   Data   RW          215    .data               system_stm32f0xx.o
    0x2000001c   0x08000f50   0x00000001   Data   RW         3864    .data               can.o
    0x2000001d   0x08000f51   0x00000003   PAD
    0x20000020   0x08000f54   0x00000004   Data   RW         3865    .data               can.o
    0x20000024        -       0x00000014   Zero   RW         3862    .bss                can.o
    0x20000038        -       0x000000ff   Zero   RW         3863    .bss                can.o
    0x20000137   0x08000f58   0x00000001   PAD
    0x20000138        -       0x00000400   Zero   RW            1    STACK               startup_stm32f042.o


==============================================================================

Image component sizes


      Code (inc. data)   RO Data    RW Data    ZI Data      Debug   Object Name

       228         18          0          5        275       1359   can.o
       564         34          0          6          0     198821   main.o
       276          6          0          0          0       3516   motor.o
        88         38        192          0       1024        632   startup_stm32f042.o
      1236         46          0          0          0       9307   stm32f0xx_can.o
       156          0          0          0          0       2415   stm32f0xx_gpio.o
       154         20          0          0          0       2564   stm32f0xx_it.o
        80         10          0          0          0        984   stm32f0xx_misc.o
        96         24          0          0          0       2383   stm32f0xx_rcc.o
       308         48          0          0          0       4493   stm32f0xx_tim.o
       248         22          0         20          0       1633   system_stm32f0xx.o
        76         10          0          0          0        791   systick.o

    ----------------------------------------------------------------------
      3514        276        224         36       1300     228898   Object Totals
         0          0         32          0          0          0   (incl. Generated)
         4          0          0          5          1          0   (incl. Padding)

    ----------------------------------------------------------------------

      Code (inc. data)   RO Data    RW Data    ZI Data      Debug   Library Member Name

         0          0          0          0          0          0   entry.o
         0          0          0          0          0          0   entry10a.o
         0          0          0          0          0          0   entry11a.o
         4          0          0          0          0          0   entry12b.o
         8          4          0          0          0          0   entry2.o
         4          0          0          0          0          0   entry5.o
         0          0          0          0          0          0   entry7b.o
         0          0          0          0          0          0   entry8b.o
         8          4          0          0          0          0   entry9a.o
        30          0          0          0          0          0   handlers.o
        36          8          0          0          0         68   init.o
        44          0          0          0          0         72   uidiv.o
        20          0          0          0          0         60   uread4.o

    ----------------------------------------------------------------------
       154         16          0          0          0        200   Library Totals
         0          0          0          0          0          0   (incl. Padding)

    ----------------------------------------------------------------------

      Code (inc. data)   RO Data    RW Data    ZI Data      Debug   Library Name

       154         16          0          0          0        200   mc_p.l

    ----------------------------------------------------------------------
       154         16          0          0          0        200   Library Totals

    ----------------------------------------------------------------------

==============================================================================


      Code (inc. data)   RO Data    RW Data    ZI Data      Debug   

      3668        292        224         36       1300     227358   Grand Totals
      3668        292        224         36       1300     227358   ELF Image Totals
      3668        292        224         36          0          0   ROM Totals

==============================================================================

    Total RO  Size (Code + RO Data)                 3892 (   3.80kB)
    Total RW  Size (RW Data + ZI Data)              1336 (   1.30kB)
    Total ROM Size (Code + RO Data + RW Data)       3928 (   3.84kB)

==============================================================================

